F:/STM32CUBEprojects/ProjektPMIK/hagl/include/rgb888.h:49:19:min	16	static
F:/STM32CUBEprojects/ProjektPMIK/hagl/include/rgb888.h:56:19:max	16	static
../hagl/src/hagl.c:65:6:hagl_set_clip_window	16	static
../hagl/src/hagl.c:72:6:hagl_put_pixel	16	static
../hagl/src/hagl.c:88:9:hagl_get_pixel	16	static
../hagl/src/hagl.c:107:6:hagl_draw_hline	32	static
../hagl/src/hagl.c:142:6:hagl_draw_vline	32	static
../hagl/src/hagl.c:176:6:hagl_draw_line	56	static
../hagl/src/hagl.c:220:6:hagl_draw_rectangle	32	static
../hagl/src/hagl.c:258:6:hagl_fill_rectangle	32	static
../hagl/src/hagl.c:302:9:hagl_get_glyph	40	static
../hagl/src/hagl.c:337:9:hagl_put_char	4160	static
../hagl/src/hagl.c:383:10:hagl_put_text	56	static
../hagl/src/hagl.c:416:6:hagl_blit	32	static
../hagl/src/hagl.c:452:6:hagl_scale_blit	48	static
../hagl/src/hagl.c:472:6:hagl_clear_screen	24	static
../hagl/src/hagl.c:487:6:hagl_clear_clip_window	24	static
../hagl/src/hagl.c:494:6:hagl_draw_circle	32	static
../hagl/src/hagl.c:529:6:hagl_fill_circle	32	static
../hagl/src/hagl.c:550:6:hagl_draw_ellipse	48	static
../hagl/src/hagl.c:621:6:hagl_fill_ellipse	48	static
../hagl/src/hagl.c:688:6:hagl_draw_polygon	40	static
../hagl/src/hagl.c:709:6:hagl_fill_polygon	184	static
../hagl/src/hagl.c:776:6:hagl_draw_triangle	40	static
../hagl/src/hagl.c:781:6:hagl_fill_triangle	40	static
../hagl/src/hagl.c:786:6:hagl_draw_rounded_rectangle	40	static
../hagl/src/hagl.c:857:6:hagl_fill_rounded_rectangle	48	static
../hagl/src/hagl.c:938:17:tjpgd_data_reader	32	static
../hagl/src/hagl.c:951:17:tjpgd_data_writer	48	static
../hagl/src/hagl.c:971:10:hagl_load_image	3256	static
../hagl/src/hagl.c:1001:9:hagl_color	16	static
../hagl/src/hagl.c:1010:11:hagl_init	8	static
../hagl/src/hagl.c:1021:8:hagl_flush	4	static
../hagl/src/hagl.c:1029:6:hagl_close	4	static
