../Core/Src/main.c:273:6:HAL_TIM_IC_CaptureCallback	16	static
../Core/Src/main.c:293:6:is_button_pressed	8	static
../Core/Src/main.c:309:5:main	32	static
../Core/Src/main.c:412:6:SystemClock_Config	96	static
../Core/Src/main.c:474:6:print_lps25hb_sensor	8	static
../Core/Src/main.c:495:6:is_pressure_sensor_connected	8	static
../Core/Src/main.c:516:6:call_calendar	16	static
../Core/Src/main.c:530:7:call_one_wire_temperature	16	static
../Core/Src/main.c:547:6:initialize_main_calendar	16	static
../Core/Src/main.c:563:6:set_new_date_and_time	16	static
../Core/Src/main.c:592:6:read_time_and_data	104	static
../Core/Src/main.c:655:6:next_day	24	static
../Core/Src/main.c:791:9:lps_read_reg	40	static
../Core/Src/main.c:799:6:lps_write_reg	32	static
../Core/Src/main.c:811:6:ds18b20_temperature_sensor	16	static
../Core/Src/main.c:867:6:print_what_you_write_and_entered	16	static
../Core/Src/main.c:883:6:serial_port_information	8	static
../Core/Src/main.c:899:6:start_GetTicks	8	static
../Core/Src/main.c:915:6:serial_port_data	8	static
../Core/Src/main.c:939:6:lcd_put_in_while	128	static
../Core/Src/main.c:1135:6:write_to_memory	40	static
../Core/Src/main.c:1206:6:read_to_memory	32	static
../Core/Src/main.c:1224:6:ESP_loop	16	static
../Core/Src/main.c:1280:6:ADC_measure	24	static
../Core/Src/main.c:1375:6:Error_Handler	4	static,ignoring_inline_asm
