Archive member included to satisfy reference by file (symbol)

c:/users/01158719/st/stm32cubeide_1.10.1/stm32cubeide/plugins/com.st.stm32cube.ide.mcu.externaltools.gnu-tools-for-stm32.10.3-2021.10.win32_1.0.0.202111181127/tools/bin/../lib/gcc/arm-none-eabi/10.3.1/../../../../arm-none-eabi/lib/thumb/v7e-m+fp/hard\libc_nano.a(lib_a-atoi.o)
                              ./Core/Src/usart2_comunication.o (atoi)
c:/users/01158719/st/stm32cubeide_1.10.1/stm32cubeide/plugins/com.st.stm32cube.ide.mcu.externaltools.gnu-tools-for-stm32.10.3-2021.10.win32_1.0.0.202111181127/tools/bin/../lib/gcc/arm-none-eabi/10.3.1/../../../../arm-none-eabi/lib/thumb/v7e-m+fp/hard\libc_nano.a(lib_a-errno.o)
                              ./Core/Src/syscalls.o (__errno)
c:/users/01158719/st/stm32cubeide_1.10.1/stm32cubeide/plugins/com.st.stm32cube.ide.mcu.externaltools.gnu-tools-for-stm32.10.3-2021.10.win32_1.0.0.202111181127/tools/bin/../lib/gcc/arm-none-eabi/10.3.1/../../../../arm-none-eabi/lib/thumb/v7e-m+fp/hard\libc_nano.a(lib_a-exit.o)
                              c:/users/01158719/st/stm32cubeide_1.10.1/stm32cubeide/plugins/com.st.stm32cube.ide.mcu.externaltools.gnu-tools-for-stm32.10.3-2021.10.win32_1.0.0.202111181127/tools/bin/../lib/gcc/arm-none-eabi/10.3.1/../../../../arm-none-eabi/lib/thumb/v7e-m+fp/hard/crt0.o (exit)
c:/users/01158719/st/stm32cubeide_1.10.1/stm32cubeide/plugins/com.st.stm32cube.ide.mcu.externaltools.gnu-tools-for-stm32.10.3-2021.10.win32_1.0.0.202111181127/tools/bin/../lib/gcc/arm-none-eabi/10.3.1/../../../../arm-none-eabi/lib/thumb/v7e-m+fp/hard\libc_nano.a(lib_a-fclose.o)
                              ./hagl/src/hagl.o (fclose)
c:/users/01158719/st/stm32cubeide_1.10.1/stm32cubeide/plugins/com.st.stm32cube.ide.mcu.externaltools.gnu-tools-for-stm32.10.3-2021.10.win32_1.0.0.202111181127/tools/bin/../lib/gcc/arm-none-eabi/10.3.1/../../../../arm-none-eabi/lib/thumb/v7e-m+fp/hard\libc_nano.a(lib_a-fflush.o)
                              c:/users/01158719/st/stm32cubeide_1.10.1/stm32cubeide/plugins/com.st.stm32cube.ide.mcu.externaltools.gnu-tools-for-stm32.10.3-2021.10.win32_1.0.0.202111181127/tools/bin/../lib/gcc/arm-none-eabi/10.3.1/../../../../arm-none-eabi/lib/thumb/v7e-m+fp/hard\libc_nano.a(lib_a-fclose.o) (__sflush_r)
c:/users/01158719/st/stm32cubeide_1.10.1/stm32cubeide/plugins/com.st.stm32cube.ide.mcu.externaltools.gnu-tools-for-stm32.10.3-2021.10.win32_1.0.0.202111181127/tools/bin/../lib/gcc/arm-none-eabi/10.3.1/../../../../arm-none-eabi/lib/thumb/v7e-m+fp/hard\libc_nano.a(lib_a-findfp.o)
                              c:/users/01158719/st/stm32cubeide_1.10.1/stm32cubeide/plugins/com.st.stm32cube.ide.mcu.externaltools.gnu-tools-for-stm32.10.3-2021.10.win32_1.0.0.202111181127/tools/bin/../lib/gcc/arm-none-eabi/10.3.1/../../../../arm-none-eabi/lib/thumb/v7e-m+fp/hard\libc_nano.a(lib_a-fclose.o) (__sfp_lock_acquire)
c:/users/01158719/st/stm32cubeide_1.10.1/stm32cubeide/plugins/com.st.stm32cube.ide.mcu.externaltools.gnu-tools-for-stm32.10.3-2021.10.win32_1.0.0.202111181127/tools/bin/../lib/gcc/arm-none-eabi/10.3.1/../../../../arm-none-eabi/lib/thumb/v7e-m+fp/hard\libc_nano.a(lib_a-fopen.o)
                              ./hagl/src/hagl.o (fopen)
c:/users/01158719/st/stm32cubeide_1.10.1/stm32cubeide/plugins/com.st.stm32cube.ide.mcu.externaltools.gnu-tools-for-stm32.10.3-2021.10.win32_1.0.0.202111181127/tools/bin/../lib/gcc/arm-none-eabi/10.3.1/../../../../arm-none-eabi/lib/thumb/v7e-m+fp/hard\libc_nano.a(lib_a-fread.o)
                              ./hagl/src/hagl.o (fread)
c:/users/01158719/st/stm32cubeide_1.10.1/stm32cubeide/plugins/com.st.stm32cube.ide.mcu.externaltools.gnu-tools-for-stm32.10.3-2021.10.win32_1.0.0.202111181127/tools/bin/../lib/gcc/arm-none-eabi/10.3.1/../../../../arm-none-eabi/lib/thumb/v7e-m+fp/hard\libc_nano.a(lib_a-fseek.o)
                              c:/users/01158719/st/stm32cubeide_1.10.1/stm32cubeide/plugins/com.st.stm32cube.ide.mcu.externaltools.gnu-tools-for-stm32.10.3-2021.10.win32_1.0.0.202111181127/tools/bin/../lib/gcc/arm-none-eabi/10.3.1/../../../../arm-none-eabi/lib/thumb/v7e-m+fp/hard\libc_nano.a(lib_a-fopen.o) (_fseek_r)
c:/users/01158719/st/stm32cubeide_1.10.1/stm32cubeide/plugins/com.st.stm32cube.ide.mcu.externaltools.gnu-tools-for-stm32.10.3-2021.10.win32_1.0.0.202111181127/tools/bin/../lib/gcc/arm-none-eabi/10.3.1/../../../../arm-none-eabi/lib/thumb/v7e-m+fp/hard\libc_nano.a(lib_a-fseeko.o)
                              c:/users/01158719/st/stm32cubeide_1.10.1/stm32cubeide/plugins/com.st.stm32cube.ide.mcu.externaltools.gnu-tools-for-stm32.10.3-2021.10.win32_1.0.0.202111181127/tools/bin/../lib/gcc/arm-none-eabi/10.3.1/../../../../arm-none-eabi/lib/thumb/v7e-m+fp/hard\libc_nano.a(lib_a-fseek.o) (_fseeko_r)
[...]
Memory Configuration

Name             Origin             Length             Attributes
RAM              0x0000000020000000 0x0000000000018000 xrw
RAM2             0x0000000010000000 0x0000000000008000 xrw
FLASH            0x0000000008000000 0x0000000000100000 xr
*default*        0x0000000000000000 0xffffffffffffffff

Linker script and memory map

LOAD c:/users/01158719/st/stm32cubeide_1.10.1/stm32cubeide/plugins/com.st.stm32cube.ide.mcu.externaltools.gnu-tools-for-stm32.10.3-2021.10.win32_1.0.0.202111181127/tools/bin/../lib/gcc/arm-none-eabi/10.3.1/thumb/v7e-m+fp/hard/crti.o
LOAD c:/users/01158719/st/stm32cubeide_1.10.1/stm32cubeide/plugins/com.st.stm32cube.ide.mcu.externaltools.gnu-tools-for-stm32.10.3-2021.10.win32_1.0.0.202111181127/tools/bin/../lib/gcc/arm-none-eabi/10.3.1/thumb/v7e-m+fp/hard/crtbegin.o
LOAD c:/users/01158719/st/stm32cubeide_1.10.1/stm32cubeide/plugins/com.st.stm32cube.ide.mcu.externaltools.gnu-tools-for-stm32.10.3-2021.10.win32_1.0.0.202111181127/tools/bin/../lib/gcc/arm-none-eabi/10.3.1/../../../../arm-none-eabi/lib/thumb/v7e-m+fp/hard/crt0.o
LOAD ./Core/Src/FUNCTIONS.o
LOAD ./Core/Src/UartRingbuffer.o
LOAD ./Core/Src/adc.o
LOAD ./Core/Src/channels.o
LOAD ./Core/Src/ds18b20.o
LOAD ./Core/Src/gpio.o
LOAD ./Core/Src/i2c.o
LOAD ./Core/Src/ir.o
LOAD ./Core/Src/lcd.o
LOAD ./Core/Src/lps25hb.o
LOAD ./Core/Src/main.o
LOAD ./Core/Src/rtc.o
LOAD ./Core/Src/spi.o
LOAD ./Core/Src/stm32l4xx_hal_msp.o
LOAD ./Core/Src/stm32l4xx_it.o
LOAD ./Core/Src/syscalls.o
LOAD ./Core/Src/sysmem.o
LOAD ./Core/Src/system_stm32l4xx.o
LOAD ./Core/Src/tim.o
LOAD ./Core/Src/usart.o
LOAD ./Core/Src/usart2_comunication.o
LOAD ./Core/Src/wire.o
LOAD ./Core/Startup/startup_stm32l476rgtx.o
LOAD ./Drivers/STM32L4xx_HAL_Driver/Src/stm32l4xx_hal.o
LOAD ./Drivers/STM32L4xx_HAL_Driver/Src/stm32l4xx_hal_adc.o
LOAD ./Drivers/STM32L4xx_HAL_Driver/Src/stm32l4xx_hal_adc_ex.o
LOAD ./Drivers/STM32L4xx_HAL_Driver/Src/stm32l4xx_hal_cortex.o
LOAD ./Drivers/STM32L4xx_HAL_Driver/Src/stm32l4xx_hal_dma.o
LOAD ./Drivers/STM32L4xx_HAL_Driver/Src/stm32l4xx_hal_dma_ex.o
LOAD ./Drivers/STM32L4xx_HAL_Driver/Src/stm32l4xx_hal_exti.o
LOAD ./Drivers/STM32L4xx_HAL_Driver/Src/stm32l4xx_hal_flash.o
LOAD ./Drivers/STM32L4xx_HAL_Driver/Src/stm32l4xx_hal_flash_ex.o
LOAD ./Drivers/STM32L4xx_HAL_Driver/Src/stm32l4xx_hal_flash_ramfunc.o
LOAD ./Drivers/STM32L4xx_HAL_Driver/Src/stm32l4xx_hal_gpio.o
LOAD ./Drivers/STM32L4xx_HAL_Driver/Src/stm32l4xx_hal_i2c.o
LOAD ./Drivers/STM32L4xx_HAL_Driver/Src/stm32l4xx_hal_i2c_ex.o
LOAD ./Drivers/STM32L4xx_HAL_Driver/Src/stm32l4xx_hal_pwr.o
LOAD ./Drivers/STM32L4xx_HAL_Driver/Src/stm32l4xx_hal_pwr_ex.o
LOAD ./Drivers/STM32L4xx_HAL_Driver/Src/stm32l4xx_hal_rcc.o
LOAD ./Drivers/STM32L4xx_HAL_Driver/Src/stm32l4xx_hal_rcc_ex.o
LOAD ./Drivers/STM32L4xx_HAL_Driver/Src/stm32l4xx_hal_rtc.o
LOAD ./Drivers/STM32L4xx_HAL_Driver/Src/stm32l4xx_hal_rtc_ex.o
LOAD ./Drivers/STM32L4xx_HAL_Driver/Src/stm32l4xx_hal_spi.o
LOAD ./Drivers/STM32L4xx_HAL_Driver/Src/stm32l4xx_hal_spi_ex.o
LOAD ./Drivers/STM32L4xx_HAL_Driver/Src/stm32l4xx_hal_tim.o
LOAD ./Drivers/STM32L4xx_HAL_Driver/Src/stm32l4xx_hal_tim_ex.o
LOAD ./Drivers/STM32L4xx_HAL_Driver/Src/stm32l4xx_hal_uart.o
LOAD ./Drivers/STM32L4xx_HAL_Driver/Src/stm32l4xx_hal_uart_ex.o
LOAD ./hagl/src/bitmap.o
LOAD ./hagl/src/clip.o
LOAD ./hagl/src/fontx.o
LOAD ./hagl/src/hagl.o
LOAD ./hagl/src/hsl.o
LOAD ./hagl/src/rgb565.o
LOAD ./hagl/src/rgb888.o
LOAD ./hagl/src/tjpgd.o
START GROUP
LOAD c:/users/01158719/st/stm32cubeide_1.10.1/stm32cubeide/plugins/com.st.stm32cube.ide.mcu.externaltools.gnu-tools-for-stm32.10.3-2021.10.win32_1.0.0.202111181127/tools/bin/../lib/gcc/arm-none-eabi/10.3.1/../../../../arm-none-eabi/lib/thumb/v7e-m+fp/hard\libc_nano.a
LOAD c:/users/01158719/st/stm32cubeide_1.10.1/stm32cubeide/plugins/com.st.stm32cube.ide.mcu.externaltools.gnu-tools-for-stm32.10.3-2021.10.win32_1.0.0.202111181127/tools/bin/../lib/gcc/arm-none-eabi/10.3.1/../../../../arm-none-eabi/lib/thumb/v7e-m+fp/hard\libm.a
END GROUP
START GROUP
LOAD c:/users/01158719/st/stm32cubeide_1.10.1/stm32cubeide/plugins/com.st.stm32cube.ide.mcu.externaltools.gnu-tools-for-stm32.10.3-2021.10.win32_1.0.0.202111181127/tools/bin/../lib/gcc/arm-none-eabi/10.3.1/thumb/v7e-m+fp/hard\libgcc.a
LOAD c:/users/01158719/st/stm32cubeide_1.10.1/stm32cubeide/plugins/com.st.stm32cube.ide.mcu.externaltools.gnu-tools-for-stm32.10.3-2021.10.win32_1.0.0.202111181127/tools/bin/../lib/gcc/arm-none-eabi/10.3.1/../../../../arm-none-eabi/lib/thumb/v7e-m+fp/hard\libc_nano.a
END GROUP
START GROUP
LOAD c:/users/01158719/st/stm32cubeide_1.10.1/stm32cubeide/plugins/com.st.stm32cube.ide.mcu.externaltools.gnu-tools-for-stm32.10.3-2021.10.win32_1.0.0.202111181127/tools/bin/../lib/gcc/arm-none-eabi/10.3.1/thumb/v7e-m+fp/hard\libgcc.a
LOAD c:/users/01158719/st/stm32cubeide_1.10.1/stm32cubeide/plugins/com.st.stm32cube.ide.mcu.externaltools.gnu-tools-for-stm32.10.3-2021.10.win32_1.0.0.202111181127/tools/bin/../lib/gcc/arm-none-eabi/10.3.1/../../../../arm-none-eabi/lib/thumb/v7e-m+fp/hard\libc_nano.a
LOAD c:/users/01158719/st/stm32cubeide_1.10.1/stm32cubeide/plugins/com.st.stm32cube.ide.mcu.externaltools.gnu-tools-for-stm32.10.3-2021.10.win32_1.0.0.202111181127/tools/bin/../lib/gcc/arm-none-eabi/10.3.1/../../../../arm-none-eabi/lib/thumb/v7e-m+fp/hard\libnosys.a
END GROUP
START GROUP
LOAD c:/users/01158719/st/stm32cubeide_1.10.1/stm32cubeide/plugins/com.st.stm32cube.ide.mcu.externaltools.gnu-tools-for-stm32.10.3-2021.10.win32_1.0.0.202111181127/tools/bin/../lib/gcc/arm-none-eabi/10.3.1/thumb/v7e-m+fp/hard\libgcc.a
LOAD c:/users/01158719/st/stm32cubeide_1.10.1/stm32cubeide/plugins/com.st.stm32cube.ide.mcu.externaltools.gnu-tools-for-stm32.10.3-2021.10.win32_1.0.0.202111181127/tools/bin/../lib/gcc/arm-none-eabi/10.3.1/../../../../arm-none-eabi/lib/thumb/v7e-m+fp/hard\libc_nano.a
LOAD c:/users/01158719/st/stm32cubeide_1.10.1/stm32cubeide/plugins/com.st.stm32cube.ide.mcu.externaltools.gnu-tools-for-stm32.10.3-2021.10.win32_1.0.0.202111181127/tools/bin/../lib/gcc/arm-none-eabi/10.3.1/../../../../arm-none-eabi/lib/thumb/v7e-m+fp/hard\libnosys.a
END GROUP
LOAD c:/users/01158719/st/stm32cubeide_1.10.1/stm32cubeide/plugins/com.st.stm32cube.ide.mcu.externaltools.gnu-tools-for-stm32.10.3-2021.10.win32_1.0.0.202111181127/tools/bin/../lib/gcc/arm-none-eabi/10.3.1/thumb/v7e-m+fp/hard/crtend.o
LOAD c:/users/01158719/st/stm32cubeide_1.10.1/stm32cubeide/plugins/com.st.stm32cube.ide.mcu.externaltools.gnu-tools-for-stm32.10.3-2021.10.win32_1.0.0.202111181127/tools/bin/../lib/gcc/arm-none-eabi/10.3.1/thumb/v7e-m+fp/hard/crtn.o
                0x0000000020018000                _estack = (ORIGIN (RAM) + LENGTH (RAM))
                0x0000000000000200                _Min_Heap_Size = 0x200
                0x0000000000000400                _Min_Stack_Size = 0x400

.isr_vector     0x0000000008000000      0x188
                0x0000000008000000                . = ALIGN (0x4)
 *(.isr_vector)
 .isr_vector    0x0000000008000000      0x188 ./Core/Startup/startup_stm32l476rgtx.o
                0x0000000008000000                g_pfnVectors
                0x0000000008000188                . = ALIGN (0x4)

.text           0x0000000008000190    0x12c84
                0x0000000008000190                . = ALIGN (0x4)
 *(.text)
 .text          0x0000000008000190       0x40 c:/users/01158719/st/stm32cubeide_1.10.1/stm32cubeide/plugins/com.st.stm32cube.ide.mcu.externaltools.gnu-tools-for-stm32.10.3-2021.10.win32_1.0.0.202111181127/tools/bin/../lib/gcc/arm-none-eabi/10.3.1/thumb/v7e-m+fp/hard/crtbegin.o
 .text          0x00000000080001d0       0x14 c:/users/01158719/st/stm32cubeide_1.10.1/stm32cubeide/plugins/com.st.stm32cube.ide.mcu.externaltools.gnu-tools-for-stm32.10.3-2021.10.win32_1.0.0.202111181127/tools/bin/../lib/gcc/arm-none-eabi/10.3.1/../../../../arm-none-eabi/lib/thumb/v7e-m+fp/hard\libc_nano.a(lib_a-strcmp.o)
                0x00000000080001d0                strcmp
 .text          0x00000000080001e4       0x10 c:/users/01158719/st/stm32cubeide_1.10.1/stm32cubeide/plugins/com.st.stm32cube.ide.mcu.externaltools.gnu-tools-for-stm32.10.3-2021.10.win32_1.0.0.202111181127/tools/bin/../lib/gcc/arm-none-eabi/10.3.1/../../../../arm-none-eabi/lib/thumb/v7e-m+fp/hard\libc_nano.a(lib_a-strlen.o)
                0x00000000080001e4                strlen
 *fill*         0x00000000080001f4        0xc 
 .text          0x0000000008000200       0xa0 c:/users/01158719/st/stm32cubeide_1.10.1/stm32cubeide/plugins/com.st.stm32cube.ide.mcu.externaltools.gnu-tools-for-stm32.10.3-2021.10.win32_1.0.0.202111181127/tools/bin/../lib/gcc/arm-none-eabi/10.3.1/../../../../arm-none-eabi/lib/thumb/v7e-m+fp/hard\libc_nano.a(lib_a-memchr.o)
                0x0000000008000200                memchr
 .text          0x00000000080002a0      0x378 c:/users/01158719/st/stm32cubeide_1.10.1/stm32cubeide/plugins/com.st.stm32cube.ide.mcu.externaltools.gnu-tools-for-stm32.10.3-2021.10.win32_1.0.0.202111181127/tools/bin/../lib/gcc/arm-none-eabi/10.3.1/thumb/v7e-m+fp/hard\libgcc.a(_arm_addsubdf3.o)
                0x00000000080002a0                __aeabi_drsub
                0x00000000080002a8                __aeabi_dsub
                0x00000000080002a8                __subdf3
                0x00000000080002ac                __aeabi_dadd
                0x00000000080002ac                __adddf3
                0x0000000008000524                __floatunsidf
                0x0000000008000524                __aeabi_ui2d
                0x0000000008000544                __floatsidf
                0x0000000008000544                __aeabi_i2d
                0x0000000008000568                __aeabi_f2d
                0x0000000008000568                __extendsfdf2
                0x00000000080005ac                __floatundidf
                0x00000000080005ac                __aeabi_ul2d
                0x00000000080005bc                __floatdidf
                0x00000000080005bc                __aeabi_l2d
 .text          0x0000000008000618      0x424 c:/users/01158719/st/stm32cubeide_1.10.1/stm32cubeide/plugins/com.st.stm32cube.ide.mcu.externaltools.gnu-tools-for-stm32.10.3-2021.10.win32_1.0.0.202111181127/tools/bin/../lib/gcc/arm-none-eabi/10.3.1/thumb/v7e-m+fp/hard\libgcc.a(_arm_muldivdf3.o)
                0x0000000008000618                __aeabi_dmul
                0x0000000008000618                __muldf3
                0x000000000800086c                __divdf3
                0x000000000800086c                __aeabi_ddiv
 .text          0x0000000008000a3c      0x110 c:/users/01158719/st/stm32cubeide_1.10.1/stm32cubeide/plugins/com.st.stm32cube.ide.mcu.externaltools.gnu-tools-for-stm32.10.3-2021.10.win32_1.0.0.202111181127/tools/bin/../lib/gcc/arm-none-eabi/10.3.1/thumb/v7e-m+fp/hard\libgcc.a(_arm_cmpdf2.o)
                0x0000000008000a3c                __gtdf2
                0x0000000008000a3c                __gedf2
                0x0000000008000a44                __ltdf2
                0x0000000008000a44                __ledf2
                0x0000000008000a4c                __nedf2
                0x0000000008000a4c                __eqdf2
                0x0000000008000a4c                __cmpdf2
                0x0000000008000ac8                __aeabi_cdrcmple
                0x0000000008000ad8                __aeabi_cdcmpeq
                0x0000000008000ad8                __aeabi_cdcmple
                0x0000000008000ae8                __aeabi_dcmpeq
                0x0000000008000afc                __aeabi_dcmplt
                0x0000000008000b10                __aeabi_dcmple
                0x0000000008000b24                __aeabi_dcmpge
                0x0000000008000b38                __aeabi_dcmpgt
 .text          0x0000000008000b4c       0x2c c:/users/01158719/st/stm32cubeide_1.10.1/stm32cubeide/plugins/com.st.stm32cube.ide.mcu.externaltools.gnu-tools-for-stm32.10.3-2021.10.win32_1.0.0.202111181127/tools/bin/../lib/gcc/arm-none-eabi/10.3.1/thumb/v7e-m+fp/hard\libgcc.a(_arm_unorddf2.o)
                0x0000000008000b4c                __unorddf2
                0x0000000008000b4c                __aeabi_dcmpun
 .text          0x0000000008000b78       0x50 c:/users/01158719/st/stm32cubeide_1.10.1/stm32cubeide/plugins/com.st.stm32cube.ide.mcu.externaltools.gnu-tools-for-stm32.10.3-2021.10.win32_1.0.0.202111181127/tools/bin/../lib/gcc/arm-none-eabi/10.3.1/thumb/v7e-m+fp/hard\libgcc.a(_arm_fixdfsi.o)
                0x0000000008000b78                __aeabi_d2iz
                0x0000000008000b78                __fixdfsi
 .text          0x0000000008000bc8       0x40 c:/users/01158719/st/stm32cubeide_1.10.1/stm32cubeide/plugins/com.st.stm32cube.ide.mcu.externaltools.gnu-tools-for-stm32.10.3-2021.10.win32_1.0.0.202111181127/tools/bin/../lib/gcc/arm-none-eabi/10.3.1/thumb/v7e-m+fp/hard\libgcc.a(_arm_fixunsdfsi.o)
                0x0000000008000bc8                __aeabi_d2uiz
                0x0000000008000bc8                __fixunsdfsi
 .text          0x0000000008000c08       0xa0 c:/users/01158719/st/stm32cubeide_1.10.1/stm32cubeide/plugins/com.st.stm32cube.ide.mcu.externaltools.gnu-tools-for-stm32.10.3-2021.10.win32_1.0.0.202111181127/tools/bin/../lib/gcc/arm-none-eabi/10.3.1/thumb/v7e-m+fp/hard\libgcc.a(_arm_truncdfsf2.o)
                0x0000000008000c08                __truncdfsf2
                0x0000000008000c08                __aeabi_d2f
 .text          0x0000000008000ca8       0x30 c:/users/01158719/st/stm32cubeide_1.10.1/stm32cubeide/plugins/com.st.stm32cube.ide.mcu.externaltools.gnu-tools-for-stm32.10.3-2021.10.win32_1.0.0.202111181127/tools/bin/../lib/gcc/arm-none-eabi/10.3.1/thumb/v7e-m+fp/hard\libgcc.a(_aeabi_uldivmod.o)
                0x0000000008000ca8                __aeabi_uldivmod
 .text          0x0000000008000cd8       0x30 c:/users/01158719/st/stm32cubeide_1.10.1/stm32cubeide/plugins/com.st.stm32cube.ide.mcu.externaltools.gnu-tools-for-stm32.10.3-2021.10.win32_1.0.0.202111181127/tools/bin/../lib/gcc/arm-none-eabi/10.3.1/thumb/v7e-m+fp/hard\libgcc.a(_fixdfdi.o)
                0x0000000008000cd8                __fixdfdi
                0x0000000008000cd8                __aeabi_d2lz
 .text          0x0000000008000d08       0x3c c:/users/01158719/st/stm32cubeide_1.10.1/stm32cubeide/plugins/com.st.stm32cube.ide.mcu.externaltools.gnu-tools-for-stm32.10.3-2021.10.win32_1.0.0.202111181127/tools/bin/../lib/gcc/arm-none-eabi/10.3.1/thumb/v7e-m+fp/hard\libgcc.a(_fixunsdfdi.o)
                0x0000000008000d08                __fixunsdfdi
                0x0000000008000d08                __aeabi_d2ulz
 .text          0x0000000008000d44      0x2d0 c:/users/01158719/st/stm32cubeide_1.10.1/stm32cubeide/plugins/com.st.stm32cube.ide.mcu.externaltools.gnu-tools-for-stm32.10.3-2021.10.win32_1.0.0.202111181127/tools/bin/../lib/gcc/arm-none-eabi/10.3.1/thumb/v7e-m+fp/hard\libgcc.a(_udivmoddi4.o)
                0x0000000008000d44                __udivmoddi4
 .text          0x0000000008001014        0x4 c:/users/01158719/st/stm32cubeide_1.10.1/stm32cubeide/plugins/com.st.stm32cube.ide.mcu.externaltools.gnu-tools-for-stm32.10.3-2021.10.win32_1.0.0.202111181127/tools/bin/../lib/gcc/arm-none-eabi/10.3.1/thumb/v7e-m+fp/hard\libgcc.a(_dvmd_tls.o)
                0x0000000008001014                __aeabi_idiv0
                0x0000000008001014                __aeabi_ldiv0
 *(.text*)
 .text.bufclr   0x0000000008001018       0x3a ./Core/Src/FUNCTIONS.o
                0x0000000008001018                bufclr
 *fill*         0x0000000008001052        0x2 
 .text.ESP_Init
                0x0000000008001054       0xac ./Core/Src/FUNCTIONS.o
                0x0000000008001054                ESP_Init
 .text.ESP_GetData
                0x0000000008001100      0x130 ./Core/Src/FUNCTIONS.o
                0x0000000008001100                ESP_GetData
 .text.Ringbuf_init
                0x0000000008001230       0x50 ./Core/Src/UartRingbuffer.o
                0x0000000008001230                Ringbuf_init
 .text.store_char
                0x0000000008001280       0x3e ./Core/Src/UartRingbuffer.o
                0x0000000008001280                store_char
 *fill*         0x00000000080012be        0x2 
 .text.Uart_read
                0x00000000080012c0       0x50 ./Core/Src/UartRingbuffer.o
                0x00000000080012c0                Uart_read
 .text.Uart_write
                0x0000000008001310       0x68 ./Core/Src/UartRingbuffer.o
                0x0000000008001310                Uart_write
 .text.IsDataAvailable
                0x0000000008001378       0x30 ./Core/Src/UartRingbuffer.o
                0x0000000008001378                IsDataAvailable
 .text.Uart_sendstring
                0x00000000080013a8       0x2a ./Core/Src/UartRingbuffer.o
                0x00000000080013a8                Uart_sendstring
 *fill*         0x00000000080013d2        0x2 
 .text.Uart_peek
                0x00000000080013d4       0x34 ./Core/Src/UartRingbuffer.o
                0x00000000080013d4                Uart_peek
 .text.Copy_upto
                0x0000000008001408       0xe8 ./Core/Src/UartRingbuffer.o
                0x0000000008001408                Copy_upto
 .text.Wait_for
                0x00000000080014f0       0xa8 ./Core/Src/UartRingbuffer.o
                0x00000000080014f0                Wait_for
 .text.Uart_isr
                0x0000000008001598       0xb8 ./Core/Src/UartRingbuffer.o
                0x0000000008001598                Uart_isr
 .text.MX_ADC1_Init
                0x0000000008001650      0x14c ./Core/Src/adc.o
                0x0000000008001650                MX_ADC1_Init
 .text.HAL_ADC_MspInit
                0x000000000800179c      0x11c ./Core/Src/adc.o
                0x000000000800179c                HAL_ADC_MspInit
 .text.channel_of_display
                0x00000000080018b8      0x32c ./Core/Src/channels.o
                0x00000000080018b8                channel_of_display
 .text.ds18b20_init
                0x0000000008001be4        0xe ./Core/Src/ds18b20.o
                0x0000000008001be4                ds18b20_init
 .text.ds18b20_read_address
                0x0000000008001bf2       0x62 ./Core/Src/ds18b20.o
                0x0000000008001bf2                ds18b20_read_address
 .text.send_cmd
                0x0000000008001c54       0x60 ./Core/Src/ds18b20.o
 .text.ds18b20_start_measure
                0x0000000008001cb4       0x1a ./Core/Src/ds18b20.o
                0x0000000008001cb4                ds18b20_start_measure
 .text.ds18b20_read_scratchpad
                0x0000000008001cce       0x62 ./Core/Src/ds18b20.o
 .text.ds18b20_get_temp
                0x0000000008001d30       0x4c ./Core/Src/ds18b20.o
                0x0000000008001d30                ds18b20_get_temp
 .text.MX_GPIO_Init
                0x0000000008001d7c      0x100 ./Core/Src/gpio.o
                0x0000000008001d7c                MX_GPIO_Init
 .text.MX_I2C1_Init
                0x0000000008001e7c       0x80 ./Core/Src/i2c.o
                0x0000000008001e7c                MX_I2C1_Init
 .text.MX_I2C3_Init
                0x0000000008001efc       0x80 ./Core/Src/i2c.o
                0x0000000008001efc                MX_I2C3_Init
 .text.HAL_I2C_MspInit
                0x0000000008001f7c      0x148 ./Core/Src/i2c.o
                0x0000000008001f7c                HAL_I2C_MspInit
 .text.calc_pulse
                0x00000000080020c4       0x62 ./Core/Src/ir.o
 *fill*         0x0000000008002126        0x2 
 .text.ir_tim_interrupt
                0x0000000008002128       0x78 ./Core/Src/ir.o
                0x0000000008002128                ir_tim_interrupt
 .text.ir_init  0x00000000080021a0       0x1c ./Core/Src/ir.o
                0x00000000080021a0                ir_init
 .text.ir_read  0x00000000080021bc       0x38 ./Core/Src/ir.o
                0x00000000080021bc                ir_read
 .text.lcd_cmd  0x00000000080021f4       0x4c ./Core/Src/lcd.o
 .text.lcd_data
                0x0000000008002240       0x4c ./Core/Src/lcd.o
 .text.lcd_data16
                0x000000000800228c       0x2a ./Core/Src/lcd.o
 .text.lcd_set_window
                0x00000000080022b6       0x66 ./Core/Src/lcd.o
 .text.lcd_send
                0x000000000800231c       0x32 ./Core/Src/lcd.o
 *fill*         0x000000000800234e        0x2 
 .text.lcd_init
                0x0000000008002350       0x70 ./Core/Src/lcd.o
                0x0000000008002350                lcd_init
 .text.lcd_put_pixel
                0x00000000080023c0       0x38 ./Core/Src/lcd.o
                0x00000000080023c0                lcd_put_pixel
 .text.lcd_copy
                0x00000000080023f8       0x5c ./Core/Src/lcd.o
                0x00000000080023f8                lcd_copy
 .text.lps_read_reg
                0x0000000008002454       0x38 ./Core/Src/lps25hb.o
 .text.lps_write_reg
                0x000000000800248c       0x38 ./Core/Src/lps25hb.o
 .text.lps25hb_init
                0x00000000080024c4       0x22 ./Core/Src/lps25hb.o
                0x00000000080024c4                lps25hb_init
 *fill*         0x00000000080024e6        0x2 
 .text.lps25hb_read_temp
                0x00000000080024e8       0x5c ./Core/Src/lps25hb.o
                0x00000000080024e8                lps25hb_read_temp
 .text.lps25hb_read_pressure
                0x0000000008002544       0x54 ./Core/Src/lps25hb.o
                0x0000000008002544                lps25hb_read_pressure
 .text.HAL_TIM_IC_CaptureCallback
                0x0000000008002598       0x34 ./Core/Src/main.o
                0x0000000008002598                HAL_TIM_IC_CaptureCallback
 .text.is_button_pressed
                0x00000000080025cc       0x24 ./Core/Src/main.o
                0x00000000080025cc                is_button_pressed
 .text.main     0x00000000080025f0       0xfc ./Core/Src/main.o
                0x00000000080025f0                main
 .text.SystemClock_Config
                0x00000000080026ec       0xc4 ./Core/Src/main.o
                0x00000000080026ec                SystemClock_Config
 .text.print_lps25hb_sensor
                0x00000000080027b0       0x64 ./Core/Src/main.o
                0x00000000080027b0                print_lps25hb_sensor
 .text.is_pressure_sensor_connected
                0x0000000008002814       0x54 ./Core/Src/main.o
                0x0000000008002814                is_pressure_sensor_connected
 .text.call_calendar
                0x0000000008002868       0x3c ./Core/Src/main.o
                0x0000000008002868                call_calendar
 .text.call_one_wire_temperature
                0x00000000080028a4       0x2e ./Core/Src/main.o
                0x00000000080028a4                call_one_wire_temperature
 *fill*         0x00000000080028d2        0x2 
 .text.initialize_main_calendar
                0x00000000080028d4       0x30 ./Core/Src/main.o
                0x00000000080028d4                initialize_main_calendar
 .text.set_new_date_and_time
                0x0000000008002904       0x64 ./Core/Src/main.o
                0x0000000008002904                set_new_date_and_time
 .text.read_time_and_data
                0x0000000008002968      0x140 ./Core/Src/main.o
                0x0000000008002968                read_time_and_data
 .text.next_day
                0x0000000008002aa8      0x15c ./Core/Src/main.o
                0x0000000008002aa8                next_day
 .text.ds18b20_temperature_sensor
                0x0000000008002c04       0x74 ./Core/Src/main.o
                0x0000000008002c04                ds18b20_temperature_sensor
 .text.print_what_you_write_and_entered
                0x0000000008002c78       0x2c ./Core/Src/main.o
                0x0000000008002c78                print_what_you_write_and_entered
 .text.serial_port_information
                0x0000000008002ca4       0x1c ./Core/Src/main.o
                0x0000000008002ca4                serial_port_information
 .text.start_GetTicks
                0x0000000008002cc0       0xa4 ./Core/Src/main.o
                0x0000000008002cc0                start_GetTicks
 .text.serial_port_data
                0x0000000008002d64       0x2c ./Core/Src/main.o
                0x0000000008002d64                serial_port_data
 .text.lcd_put_in_while
                0x0000000008002d90      0x6ec ./Core/Src/main.o
                0x0000000008002d90                lcd_put_in_while
 .text.write_to_memory
                0x000000000800347c      0x180 ./Core/Src/main.o
                0x000000000800347c                write_to_memory
 .text.read_to_memory
                0x00000000080035fc       0xb0 ./Core/Src/main.o
                0x00000000080035fc                read_to_memory
 .text.ESP_loop
                0x00000000080036ac      0x100 ./Core/Src/main.o
                0x00000000080036ac                ESP_loop
 .text.ADC_measure
                0x00000000080037ac      0x1d8 ./Core/Src/main.o
                0x00000000080037ac                ADC_measure
 .text.Error_Handler
                0x0000000008003984        0xa ./Core/Src/main.o
                0x0000000008003984                Error_Handler
 *fill*         0x000000000800398e        0x2 
 .text.MX_RTC_Init
                0x0000000008003990       0x50 ./Core/Src/rtc.o
                0x0000000008003990                MX_RTC_Init
 .text.HAL_RTC_MspInit
                0x00000000080039e0       0x64 ./Core/Src/rtc.o
                0x00000000080039e0                HAL_RTC_MspInit
 .text.MX_SPI2_Init
                0x0000000008003a44       0x7c ./Core/Src/spi.o
                0x0000000008003a44                MX_SPI2_Init
 .text.HAL_SPI_MspInit
                0x0000000008003ac0       0xc4 ./Core/Src/spi.o
                0x0000000008003ac0                HAL_SPI_MspInit
 .text.HAL_MspInit
                0x0000000008003b84       0x48 ./Core/Src/stm32l4xx_hal_msp.o
                0x0000000008003b84                HAL_MspInit
 .text.NMI_Handler
                0x0000000008003bcc        0x6 ./Core/Src/stm32l4xx_it.o
                0x0000000008003bcc                NMI_Handler
 .text.HardFault_Handler
                0x0000000008003bd2        0x6 ./Core/Src/stm32l4xx_it.o
                0x0000000008003bd2                HardFault_Handler
 .text.MemManage_Handler
                0x0000000008003bd8        0x6 ./Core/Src/stm32l4xx_it.o
                0x0000000008003bd8                MemManage_Handler
 .text.BusFault_Handler
                0x0000000008003bde        0x6 ./Core/Src/stm32l4xx_it.o
                0x0000000008003bde                BusFault_Handler
 .text.UsageFault_Handler
                0x0000000008003be4        0x6 ./Core/Src/stm32l4xx_it.o
                0x0000000008003be4                UsageFault_Handler
 .text.SVC_Handler
                0x0000000008003bea        0xe ./Core/Src/stm32l4xx_it.o
                0x0000000008003bea                SVC_Handler
 .text.DebugMon_Handler
                0x0000000008003bf8        0xe ./Core/Src/stm32l4xx_it.o
                0x0000000008003bf8                DebugMon_Handler
 .text.PendSV_Handler
                0x0000000008003c06        0xe ./Core/Src/stm32l4xx_it.o
                0x0000000008003c06                PendSV_Handler
 .text.SysTick_Handler
                0x0000000008003c14        0xc ./Core/Src/stm32l4xx_it.o
                0x0000000008003c14                SysTick_Handler
 .text.ADC1_2_IRQHandler
                0x0000000008003c20       0x14 ./Core/Src/stm32l4xx_it.o
                0x0000000008003c20                ADC1_2_IRQHandler
 .text.TIM2_IRQHandler
                0x0000000008003c34       0x14 ./Core/Src/stm32l4xx_it.o
                0x0000000008003c34                TIM2_IRQHandler
 .text.UART5_IRQHandler
                0x0000000008003c48       0x18 ./Core/Src/stm32l4xx_it.o
                0x0000000008003c48                UART5_IRQHandler
 .text._getpid  0x0000000008003c60       0x10 ./Core/Src/syscalls.o
                0x0000000008003c60                _getpid
 .text._kill    0x0000000008003c70       0x20 ./Core/Src/syscalls.o
                0x0000000008003c70                _kill
 .text._exit    0x0000000008003c90       0x14 ./Core/Src/syscalls.o
                0x0000000008003c90                _exit
 .text._read    0x0000000008003ca4       0x3a ./Core/Src/syscalls.o
                0x0000000008003ca4                _read
 .text._write   0x0000000008003cde       0x38 ./Core/Src/syscalls.o
                0x0000000008003cde                _write
 .text._close   0x0000000008003d16       0x18 ./Core/Src/syscalls.o
                0x0000000008003d16                _close
 .text._fstat   0x0000000008003d2e       0x20 ./Core/Src/syscalls.o
                0x0000000008003d2e                _fstat
 .text._isatty  0x0000000008003d4e       0x16 ./Core/Src/syscalls.o
                0x0000000008003d4e                _isatty
 .text._lseek   0x0000000008003d64       0x1a ./Core/Src/syscalls.o
                0x0000000008003d64                _lseek
 *fill*         0x0000000008003d7e        0x2 
 .text._sbrk    0x0000000008003d80       0x6c ./Core/Src/sysmem.o
                0x0000000008003d80                _sbrk
 .text.SystemInit
                0x0000000008003dec       0x24 ./Core/Src/system_stm32l4xx.o
                0x0000000008003dec                SystemInit
 .text.MX_TIM1_Init
                0x0000000008003e10      0x170 ./Core/Src/tim.o
                0x0000000008003e10                MX_TIM1_Init
 .text.MX_TIM2_Init
                0x0000000008003f80      0x118 ./Core/Src/tim.o
                0x0000000008003f80                MX_TIM2_Init
 .text.MX_TIM6_Init
                0x0000000008004098       0x6c ./Core/Src/tim.o
                0x0000000008004098                MX_TIM6_Init
 .text.HAL_TIM_Base_MspInit
                0x0000000008004104       0xe0 ./Core/Src/tim.o
                0x0000000008004104                HAL_TIM_Base_MspInit
 .text.HAL_TIM_MspPostInit
                0x00000000080041e4       0x70 ./Core/Src/tim.o
                0x00000000080041e4                HAL_TIM_MspPostInit
 .text.MX_UART5_Init
                0x0000000008004254       0x60 ./Core/Src/usart.o
                0x0000000008004254                MX_UART5_Init
 .text.MX_USART2_UART_Init
                0x00000000080042b4       0x68 ./Core/Src/usart.o
                0x00000000080042b4                MX_USART2_UART_Init
 .text.HAL_UART_MspInit
                0x000000000800431c      0x19c ./Core/Src/usart.o
                0x000000000800431c                HAL_UART_MspInit
 .text.__io_putchar
                0x00000000080044b8       0x40 ./Core/Src/usart2_comunication.o
                0x00000000080044b8                __io_putchar
 .text.line_append
                0x00000000080044f8      0x3a8 ./Core/Src/usart2_comunication.o
                0x00000000080044f8                line_append
 .text.wire_init
                0x00000000080048a0       0x14 ./Core/Src/wire.o
                0x00000000080048a0                wire_init
 .text.delay_us
                0x00000000080048b4       0x30 ./Core/Src/wire.o
 .text.wire_reset
                0x00000000080048e4       0x54 ./Core/Src/wire.o
                0x00000000080048e4                wire_reset
 .text.read_bit
                0x0000000008004938       0x48 ./Core/Src/wire.o
 .text.wire_read
                0x0000000008004980       0x3e ./Core/Src/wire.o
                0x0000000008004980                wire_read
 *fill*         0x00000000080049be        0x2 
 .text.write_bit
                0x00000000080049c0       0x5c ./Core/Src/wire.o
 .text.wire_write
                0x0000000008004a1c       0x38 ./Core/Src/wire.o
                0x0000000008004a1c                wire_write
 .text.byte_crc
                0x0000000008004a54       0x58 ./Core/Src/wire.o
 .text.wire_crc
                0x0000000008004aac       0x42 ./Core/Src/wire.o
                0x0000000008004aac                wire_crc
 *fill*         0x0000000008004aee        0x2 
 .text.Reset_Handler
                0x0000000008004af0       0x50 ./Core/Startup/startup_stm32l476rgtx.o
                0x0000000008004af0                Reset_Handler
 .text.Default_Handler
                0x0000000008004b40        0x2 ./Core/Startup/startup_stm32l476rgtx.o
                0x0000000008004b40                RTC_Alarm_IRQHandler
                0x0000000008004b40                EXTI2_IRQHandler
                0x0000000008004b40                TIM8_TRG_COM_IRQHandler
                0x0000000008004b40                TIM8_CC_IRQHandler
                0x0000000008004b40                TIM1_CC_IRQHandler
                0x0000000008004b40                TSC_IRQHandler
                0x0000000008004b40                TAMP_STAMP_IRQHandler
                0x0000000008004b40                EXTI3_IRQHandler
                0x0000000008004b40                LPTIM2_IRQHandler
                0x0000000008004b40                DFSDM1_FLT1_IRQHandler
                0x0000000008004b40                I2C3_ER_IRQHandler
                0x0000000008004b40                DFSDM1_FLT2_IRQHandler
                0x0000000008004b40                EXTI0_IRQHandler
                0x0000000008004b40                I2C2_EV_IRQHandler
                0x0000000008004b40                CAN1_RX0_IRQHandler
                0x0000000008004b40                FPU_IRQHandler
                0x0000000008004b40                TIM1_UP_TIM16_IRQHandler
                0x0000000008004b40                SPI1_IRQHandler
                0x0000000008004b40                TIM6_DAC_IRQHandler
                0x0000000008004b40                TIM8_UP_IRQHandler
                0x0000000008004b40                DMA2_Channel2_IRQHandler
                0x0000000008004b40                DMA1_Channel4_IRQHandler
                0x0000000008004b40                SAI2_IRQHandler
                0x0000000008004b40                DFSDM1_FLT3_IRQHandler
                0x0000000008004b40                USART3_IRQHandler
                0x0000000008004b40                DMA1_Channel7_IRQHandler
                0x0000000008004b40                CAN1_RX1_IRQHandler
                0x0000000008004b40                LCD_IRQHandler
                0x0000000008004b40                ADC3_IRQHandler
                0x0000000008004b40                TIM4_IRQHandler
                0x0000000008004b40                DMA2_Channel1_IRQHandler
                0x0000000008004b40                QUADSPI_IRQHandler
                0x0000000008004b40                I2C1_EV_IRQHandler
                0x0000000008004b40                DMA1_Channel6_IRQHandler
                0x0000000008004b40                UART4_IRQHandler
                0x0000000008004b40                DMA2_Channel4_IRQHandler
                0x0000000008004b40                TIM3_IRQHandler
                0x0000000008004b40                RCC_IRQHandler
                0x0000000008004b40                DMA1_Channel1_IRQHandler
                0x0000000008004b40                Default_Handler
                0x0000000008004b40                DMA2_Channel7_IRQHandler
                0x0000000008004b40                EXTI15_10_IRQHandler
                0x0000000008004b40                TIM7_IRQHandler
                0x0000000008004b40                SDMMC1_IRQHandler
                0x0000000008004b40                TIM5_IRQHandler
                0x0000000008004b40                I2C3_EV_IRQHandler
                0x0000000008004b40                EXTI9_5_IRQHandler
                0x0000000008004b40                RTC_WKUP_IRQHandler
                0x0000000008004b40                PVD_PVM_IRQHandler
                0x0000000008004b40                SPI2_IRQHandler
                0x0000000008004b40                CAN1_TX_IRQHandler
                0x0000000008004b40                DMA2_Channel5_IRQHandler
                0x0000000008004b40                DMA1_Channel5_IRQHandler
                0x0000000008004b40                EXTI4_IRQHandler
                0x0000000008004b40                RNG_IRQHandler
                0x0000000008004b40                TIM1_TRG_COM_TIM17_IRQHandler
                0x0000000008004b40                DMA1_Channel3_IRQHandler
                0x0000000008004b40                COMP_IRQHandler
                0x0000000008004b40                WWDG_IRQHandler
                0x0000000008004b40                LPUART1_IRQHandler
                0x0000000008004b40                DMA2_Channel6_IRQHandler
                0x0000000008004b40                EXTI1_IRQHandler
                0x0000000008004b40                USART2_IRQHandler
                0x0000000008004b40                DFSDM1_FLT0_IRQHandler
                0x0000000008004b40                I2C2_ER_IRQHandler
                0x0000000008004b40                DMA1_Channel2_IRQHandler
                0x0000000008004b40                TIM8_BRK_IRQHandler
                0x0000000008004b40                CAN1_SCE_IRQHandler
                0x0000000008004b40                FLASH_IRQHandler
                0x0000000008004b40                USART1_IRQHandler
                0x0000000008004b40                OTG_FS_IRQHandler
                0x0000000008004b40                SPI3_IRQHandler
                0x0000000008004b40                I2C1_ER_IRQHandler
                0x0000000008004b40                FMC_IRQHandler
                0x0000000008004b40                SWPMI1_IRQHandler
                0x0000000008004b40                LPTIM1_IRQHandler
                0x0000000008004b40                SAI1_IRQHandler
                0x0000000008004b40                DMA2_Channel3_IRQHandler
                0x0000000008004b40                TIM1_BRK_TIM15_IRQHandler
 .text.HAL_Init
                0x0000000008004b42       0x30 ./Drivers/STM32L4xx_HAL_Driver/Src/stm32l4xx_hal.o
                0x0000000008004b42                HAL_Init
 *fill*         0x0000000008004b72        0x2 
 .text.HAL_InitTick
                0x0000000008004b74       0x78 ./Drivers/STM32L4xx_HAL_Driver/Src/stm32l4xx_hal.o
                0x0000000008004b74                HAL_InitTick
 .text.HAL_IncTick
                0x0000000008004bec       0x28 ./Drivers/STM32L4xx_HAL_Driver/Src/stm32l4xx_hal.o
                0x0000000008004bec                HAL_IncTick
 .text.HAL_GetTick
                0x0000000008004c14       0x18 ./Drivers/STM32L4xx_HAL_Driver/Src/stm32l4xx_hal.o
                0x0000000008004c14                HAL_GetTick
 .text.HAL_Delay
                0x0000000008004c2c       0x48 ./Drivers/STM32L4xx_HAL_Driver/Src/stm32l4xx_hal.o
                0x0000000008004c2c                HAL_Delay
 .text.LL_ADC_SetCommonClock
                0x0000000008004c74       0x26 ./Drivers/STM32L4xx_HAL_Driver/Src/stm32l4xx_hal_adc.o
 .text.LL_ADC_SetCommonPathInternalCh
                0x0000000008004c9a       0x26 ./Drivers/STM32L4xx_HAL_Driver/Src/stm32l4xx_hal_adc.o
 .text.LL_ADC_GetCommonPathInternalCh
                0x0000000008004cc0       0x1c ./Drivers/STM32L4xx_HAL_Driver/Src/stm32l4xx_hal_adc.o
 .text.LL_ADC_SetOffset
                0x0000000008004cdc       0x48 ./Drivers/STM32L4xx_HAL_Driver/Src/stm32l4xx_hal_adc.o
 .text.LL_ADC_GetOffsetChannel
                0x0000000008004d24       0x2c ./Drivers/STM32L4xx_HAL_Driver/Src/stm32l4xx_hal_adc.o
 .text.LL_ADC_SetOffsetState
                0x0000000008004d50       0x36 ./Drivers/STM32L4xx_HAL_Driver/Src/stm32l4xx_hal_adc.o
 .text.LL_ADC_REG_IsTriggerSourceSWStart
                0x0000000008004d86       0x26 ./Drivers/STM32L4xx_HAL_Driver/Src/stm32l4xx_hal_adc.o
 .text.LL_ADC_REG_SetSequencerRanks
                0x0000000008004dac       0x58 ./Drivers/STM32L4xx_HAL_Driver/Src/stm32l4xx_hal_adc.o
 .text.LL_ADC_INJ_IsTriggerSourceSWStart
                0x0000000008004e04       0x26 ./Drivers/STM32L4xx_HAL_Driver/Src/stm32l4xx_hal_adc.o
 .text.LL_ADC_SetChannelSamplingTime
                0x0000000008004e2a       0x56 ./Drivers/STM32L4xx_HAL_Driver/Src/stm32l4xx_hal_adc.o
 .text.LL_ADC_SetChannelSingleDiff
                0x0000000008004e80       0x48 ./Drivers/STM32L4xx_HAL_Driver/Src/stm32l4xx_hal_adc.o
 .text.LL_ADC_GetMultimode
                0x0000000008004ec8       0x1c ./Drivers/STM32L4xx_HAL_Driver/Src/stm32l4xx_hal_adc.o
 .text.LL_ADC_GetMultiDMATransfer
                0x0000000008004ee4       0x1c ./Drivers/STM32L4xx_HAL_Driver/Src/stm32l4xx_hal_adc.o
 .text.LL_ADC_DisableDeepPowerDown
                0x0000000008004f00       0x24 ./Drivers/STM32L4xx_HAL_Driver/Src/stm32l4xx_hal_adc.o
 .text.LL_ADC_IsDeepPowerDownEnabled
                0x0000000008004f24       0x28 ./Drivers/STM32L4xx_HAL_Driver/Src/stm32l4xx_hal_adc.o
 .text.LL_ADC_EnableInternalRegulator
                0x0000000008004f4c       0x28 ./Drivers/STM32L4xx_HAL_Driver/Src/stm32l4xx_hal_adc.o
 .text.LL_ADC_IsInternalRegulatorEnabled
                0x0000000008004f74       0x28 ./Drivers/STM32L4xx_HAL_Driver/Src/stm32l4xx_hal_adc.o
 .text.LL_ADC_Enable
                0x0000000008004f9c       0x28 ./Drivers/STM32L4xx_HAL_Driver/Src/stm32l4xx_hal_adc.o
 .text.LL_ADC_Disable
                0x0000000008004fc4       0x28 ./Drivers/STM32L4xx_HAL_Driver/Src/stm32l4xx_hal_adc.o
 .text.LL_ADC_IsEnabled
                0x0000000008004fec       0x26 ./Drivers/STM32L4xx_HAL_Driver/Src/stm32l4xx_hal_adc.o
 .text.LL_ADC_IsDisableOngoing
                0x0000000008005012       0x26 ./Drivers/STM32L4xx_HAL_Driver/Src/stm32l4xx_hal_adc.o
 .text.LL_ADC_REG_StartConversion
                0x0000000008005038       0x28 ./Drivers/STM32L4xx_HAL_Driver/Src/stm32l4xx_hal_adc.o
 .text.LL_ADC_REG_IsConversionOngoing
                0x0000000008005060       0x26 ./Drivers/STM32L4xx_HAL_Driver/Src/stm32l4xx_hal_adc.o
 .text.LL_ADC_INJ_IsConversionOngoing
                0x0000000008005086       0x26 ./Drivers/STM32L4xx_HAL_Driver/Src/stm32l4xx_hal_adc.o
 .text.HAL_ADC_Init
                0x00000000080050ac      0x2ac ./Drivers/STM32L4xx_HAL_Driver/Src/stm32l4xx_hal_adc.o
                0x00000000080050ac                HAL_ADC_Init
 .text.HAL_ADC_Start
                0x0000000008005358      0x174 ./Drivers/STM32L4xx_HAL_Driver/Src/stm32l4xx_hal_adc.o
                0x0000000008005358                HAL_ADC_Start
 .text.HAL_ADC_PollForConversion
                0x00000000080054cc      0x1b0 ./Drivers/STM32L4xx_HAL_Driver/Src/stm32l4xx_hal_adc.o
                0x00000000080054cc                HAL_ADC_PollForConversion
 .text.HAL_ADC_GetValue
                0x000000000800567c       0x1a ./Drivers/STM32L4xx_HAL_Driver/Src/stm32l4xx_hal_adc.o
                0x000000000800567c                HAL_ADC_GetValue
 *fill*         0x0000000008005696        0x2 
 .text.HAL_ADC_IRQHandler
                0x0000000008005698      0x434 ./Drivers/STM32L4xx_HAL_Driver/Src/stm32l4xx_hal_adc.o
                0x0000000008005698                HAL_ADC_IRQHandler
 .text.HAL_ADC_ConvCpltCallback
                0x0000000008005acc       0x14 ./Drivers/STM32L4xx_HAL_Driver/Src/stm32l4xx_hal_adc.o
                0x0000000008005acc                HAL_ADC_ConvCpltCallback
 .text.HAL_ADC_LevelOutOfWindowCallback
                0x0000000008005ae0       0x14 ./Drivers/STM32L4xx_HAL_Driver/Src/stm32l4xx_hal_adc.o
                0x0000000008005ae0                HAL_ADC_LevelOutOfWindowCallback
 .text.HAL_ADC_ErrorCallback
                0x0000000008005af4       0x14 ./Drivers/STM32L4xx_HAL_Driver/Src/stm32l4xx_hal_adc.o
                0x0000000008005af4                HAL_ADC_ErrorCallback
 .text.HAL_ADC_ConfigChannel
                0x0000000008005b08      0x7e0 ./Drivers/STM32L4xx_HAL_Driver/Src/stm32l4xx_hal_adc.o
                0x0000000008005b08                HAL_ADC_ConfigChannel
 .text.ADC_Enable
                0x00000000080062e8      0x10c ./Drivers/STM32L4xx_HAL_Driver/Src/stm32l4xx_hal_adc.o
                0x00000000080062e8                ADC_Enable
 .text.ADC_Disable
                0x00000000080063f4       0xbe ./Drivers/STM32L4xx_HAL_Driver/Src/stm32l4xx_hal_adc.o
                0x00000000080063f4                ADC_Disable
 .text.LL_ADC_IsEnabled
                0x00000000080064b2       0x26 ./Drivers/STM32L4xx_HAL_Driver/Src/stm32l4xx_hal_adc_ex.o
 .text.LL_ADC_StartCalibration
                0x00000000080064d8       0x32 ./Drivers/STM32L4xx_HAL_Driver/Src/stm32l4xx_hal_adc_ex.o
 .text.LL_ADC_IsCalibrationOnGoing
                0x000000000800650a       0x28 ./Drivers/STM32L4xx_HAL_Driver/Src/stm32l4xx_hal_adc_ex.o
 .text.LL_ADC_REG_IsConversionOngoing
                0x0000000008006532       0x26 ./Drivers/STM32L4xx_HAL_Driver/Src/stm32l4xx_hal_adc_ex.o
 .text.HAL_ADCEx_Calibration_Start
                0x0000000008006558       0xc0 ./Drivers/STM32L4xx_HAL_Driver/Src/stm32l4xx_hal_adc_ex.o
                0x0000000008006558                HAL_ADCEx_Calibration_Start
 .text.HAL_ADCEx_InjectedConvCpltCallback
                0x0000000008006618       0x14 ./Drivers/STM32L4xx_HAL_Driver/Src/stm32l4xx_hal_adc_ex.o
                0x0000000008006618                HAL_ADCEx_InjectedConvCpltCallback
 .text.HAL_ADCEx_InjectedQueueOverflowCallback
                0x000000000800662c       0x14 ./Drivers/STM32L4xx_HAL_Driver/Src/stm32l4xx_hal_adc_ex.o
                0x000000000800662c                HAL_ADCEx_InjectedQueueOverflowCallback
 .text.HAL_ADCEx_LevelOutOfWindow2Callback
                0x0000000008006640       0x14 ./Drivers/STM32L4xx_HAL_Driver/Src/stm32l4xx_hal_adc_ex.o
                0x0000000008006640                HAL_ADCEx_LevelOutOfWindow2Callback
 .text.HAL_ADCEx_LevelOutOfWindow3Callback
                0x0000000008006654       0x14 ./Drivers/STM32L4xx_HAL_Driver/Src/stm32l4xx_hal_adc_ex.o
                0x0000000008006654                HAL_ADCEx_LevelOutOfWindow3Callback
 .text.HAL_ADCEx_EndOfSamplingCallback
                0x0000000008006668       0x14 ./Drivers/STM32L4xx_HAL_Driver/Src/stm32l4xx_hal_adc_ex.o
                0x0000000008006668                HAL_ADCEx_EndOfSamplingCallback
 .text.HAL_ADCEx_MultiModeConfigChannel
                0x000000000800667c      0x160 ./Drivers/STM32L4xx_HAL_Driver/Src/stm32l4xx_hal_adc_ex.o
                0x000000000800667c                HAL_ADCEx_MultiModeConfigChannel
 .text.__NVIC_SetPriorityGrouping
                0x00000000080067dc       0x48 ./Drivers/STM32L4xx_HAL_Driver/Src/stm32l4xx_hal_cortex.o
 .text.__NVIC_GetPriorityGrouping
                0x0000000008006824       0x1c ./Drivers/STM32L4xx_HAL_Driver/Src/stm32l4xx_hal_cortex.o
 .text.__NVIC_EnableIRQ
                0x0000000008006840       0x3c ./Drivers/STM32L4xx_HAL_Driver/Src/stm32l4xx_hal_cortex.o
 .text.__NVIC_SetPriority
                0x000000000800687c       0x54 ./Drivers/STM32L4xx_HAL_Driver/Src/stm32l4xx_hal_cortex.o
 .text.NVIC_EncodePriority
                0x00000000080068d0       0x66 ./Drivers/STM32L4xx_HAL_Driver/Src/stm32l4xx_hal_cortex.o
 *fill*         0x0000000008006936        0x2 
 .text.SysTick_Config
                0x0000000008006938       0x44 ./Drivers/STM32L4xx_HAL_Driver/Src/stm32l4xx_hal_cortex.o
 .text.HAL_NVIC_SetPriorityGrouping
                0x000000000800697c       0x16 ./Drivers/STM32L4xx_HAL_Driver/Src/stm32l4xx_hal_cortex.o
                0x000000000800697c                HAL_NVIC_SetPriorityGrouping
 .text.HAL_NVIC_SetPriority
                0x0000000008006992       0x38 ./Drivers/STM32L4xx_HAL_Driver/Src/stm32l4xx_hal_cortex.o
                0x0000000008006992                HAL_NVIC_SetPriority
 .text.HAL_NVIC_EnableIRQ
                0x00000000080069ca       0x1c ./Drivers/STM32L4xx_HAL_Driver/Src/stm32l4xx_hal_cortex.o
                0x00000000080069ca                HAL_NVIC_EnableIRQ
 .text.HAL_SYSTICK_Config
                0x00000000080069e6       0x18 ./Drivers/STM32L4xx_HAL_Driver/Src/stm32l4xx_hal_cortex.o
                0x00000000080069e6                HAL_SYSTICK_Config
 .text.HAL_DMA_Abort
                0x00000000080069fe       0x7c ./Drivers/STM32L4xx_HAL_Driver/Src/stm32l4xx_hal_dma.o
                0x00000000080069fe                HAL_DMA_Abort
 .text.HAL_DMA_Abort_IT
                0x0000000008006a7a       0x82 ./Drivers/STM32L4xx_HAL_Driver/Src/stm32l4xx_hal_dma.o
                0x0000000008006a7a                HAL_DMA_Abort_IT
 .text.HAL_GPIO_Init
                0x0000000008006afc      0x354 ./Drivers/STM32L4xx_HAL_Driver/Src/stm32l4xx_hal_gpio.o
                0x0000000008006afc                HAL_GPIO_Init
 .text.HAL_GPIO_ReadPin
                0x0000000008006e50       0x30 ./Drivers/STM32L4xx_HAL_Driver/Src/stm32l4xx_hal_gpio.o
                0x0000000008006e50                HAL_GPIO_ReadPin
 .text.HAL_GPIO_WritePin
                0x0000000008006e80       0x30 ./Drivers/STM32L4xx_HAL_Driver/Src/stm32l4xx_hal_gpio.o
                0x0000000008006e80                HAL_GPIO_WritePin
 .text.HAL_I2C_Init
                0x0000000008006eb0      0x11e ./Drivers/STM32L4xx_HAL_Driver/Src/stm32l4xx_hal_i2c.o
                0x0000000008006eb0                HAL_I2C_Init
 *fill*         0x0000000008006fce        0x2 
 .text.HAL_I2C_Mem_Write
                0x0000000008006fd0      0x228 ./Drivers/STM32L4xx_HAL_Driver/Src/stm32l4xx_hal_i2c.o
                0x0000000008006fd0                HAL_I2C_Mem_Write
 .text.HAL_I2C_Mem_Read
                0x00000000080071f8      0x234 ./Drivers/STM32L4xx_HAL_Driver/Src/stm32l4xx_hal_i2c.o
                0x00000000080071f8                HAL_I2C_Mem_Read
 .text.I2C_RequestMemoryWrite
                0x000000000800742c       0xa8 ./Drivers/STM32L4xx_HAL_Driver/Src/stm32l4xx_hal_i2c.o
 .text.I2C_RequestMemoryRead
                0x00000000080074d4       0xa8 ./Drivers/STM32L4xx_HAL_Driver/Src/stm32l4xx_hal_i2c.o
 .text.I2C_Flush_TXDR
                0x000000000800757c       0x48 ./Drivers/STM32L4xx_HAL_Driver/Src/stm32l4xx_hal_i2c.o
 .text.I2C_WaitOnFlagUntilTimeout
                0x00000000080075c4       0x80 ./Drivers/STM32L4xx_HAL_Driver/Src/stm32l4xx_hal_i2c.o
 .text.I2C_WaitOnTXISFlagUntilTimeout
                0x0000000008007644       0x80 ./Drivers/STM32L4xx_HAL_Driver/Src/stm32l4xx_hal_i2c.o
 .text.I2C_WaitOnSTOPFlagUntilTimeout
                0x00000000080076c4       0x78 ./Drivers/STM32L4xx_HAL_Driver/Src/stm32l4xx_hal_i2c.o
 .text.I2C_IsErrorOccurred
                0x000000000800773c      0x1d8 ./Drivers/STM32L4xx_HAL_Driver/Src/stm32l4xx_hal_i2c.o
 .text.I2C_TransferConfig
                0x0000000008007914       0x64 ./Drivers/STM32L4xx_HAL_Driver/Src/stm32l4xx_hal_i2c.o
 .text.HAL_I2CEx_ConfigAnalogFilter
                0x0000000008007978       0x96 ./Drivers/STM32L4xx_HAL_Driver/Src/stm32l4xx_hal_i2c_ex.o
                0x0000000008007978                HAL_I2CEx_ConfigAnalogFilter
 .text.HAL_I2CEx_ConfigDigitalFilter
                0x0000000008007a0e       0x98 ./Drivers/STM32L4xx_HAL_Driver/Src/stm32l4xx_hal_i2c_ex.o
                0x0000000008007a0e                HAL_I2CEx_ConfigDigitalFilter
 *fill*         0x0000000008007aa6        0x2 
 .text.HAL_PWR_EnableBkUpAccess
                0x0000000008007aa8       0x20 ./Drivers/STM32L4xx_HAL_Driver/Src/stm32l4xx_hal_pwr.o
                0x0000000008007aa8                HAL_PWR_EnableBkUpAccess
 .text.HAL_PWREx_GetVoltageRange
                0x0000000008007ac8       0x1c ./Drivers/STM32L4xx_HAL_Driver/Src/stm32l4xx_hal_pwr_ex.o
                0x0000000008007ac8                HAL_PWREx_GetVoltageRange
 .text.HAL_PWREx_ControlVoltageScaling
                0x0000000008007ae4       0xac ./Drivers/STM32L4xx_HAL_Driver/Src/stm32l4xx_hal_pwr_ex.o
                0x0000000008007ae4                HAL_PWREx_ControlVoltageScaling
 .text.HAL_RCC_OscConfig
                0x0000000008007b90      0x7b8 ./Drivers/STM32L4xx_HAL_Driver/Src/stm32l4xx_hal_rcc.o
                0x0000000008007b90                HAL_RCC_OscConfig
 .text.HAL_RCC_ClockConfig
                0x0000000008008348      0x200 ./Drivers/STM32L4xx_HAL_Driver/Src/stm32l4xx_hal_rcc.o
                0x0000000008008348                HAL_RCC_ClockConfig
 .text.HAL_RCC_GetSysClockFreq
                0x0000000008008548      0x118 ./Drivers/STM32L4xx_HAL_Driver/Src/stm32l4xx_hal_rcc.o
                0x0000000008008548                HAL_RCC_GetSysClockFreq
 .text.HAL_RCC_GetHCLKFreq
                0x0000000008008660       0x18 ./Drivers/STM32L4xx_HAL_Driver/Src/stm32l4xx_hal_rcc.o
                0x0000000008008660                HAL_RCC_GetHCLKFreq
 .text.HAL_RCC_GetPCLK1Freq
                0x0000000008008678       0x2c ./Drivers/STM32L4xx_HAL_Driver/Src/stm32l4xx_hal_rcc.o
                0x0000000008008678                HAL_RCC_GetPCLK1Freq
 .text.HAL_RCC_GetPCLK2Freq
                0x00000000080086a4       0x2c ./Drivers/STM32L4xx_HAL_Driver/Src/stm32l4xx_hal_rcc.o
                0x00000000080086a4                HAL_RCC_GetPCLK2Freq
 .text.RCC_SetFlashLatencyFromMSIRange
                0x00000000080086d0       0xc0 ./Drivers/STM32L4xx_HAL_Driver/Src/stm32l4xx_hal_rcc.o
 .text.HAL_RCCEx_PeriphCLKConfig
                0x0000000008008790      0x5d4 ./Drivers/STM32L4xx_HAL_Driver/Src/stm32l4xx_hal_rcc_ex.o
                0x0000000008008790                HAL_RCCEx_PeriphCLKConfig
 .text.HAL_RCCEx_EnableMSIPLLMode
                0x0000000008008d64       0x20 ./Drivers/STM32L4xx_HAL_Driver/Src/stm32l4xx_hal_rcc_ex.o
                0x0000000008008d64                HAL_RCCEx_EnableMSIPLLMode
 .text.RCCEx_PLLSAI1_Config
                0x0000000008008d84      0x1e8 ./Drivers/STM32L4xx_HAL_Driver/Src/stm32l4xx_hal_rcc_ex.o
 .text.RCCEx_PLLSAI2_Config
                0x0000000008008f6c      0x1bc ./Drivers/STM32L4xx_HAL_Driver/Src/stm32l4xx_hal_rcc_ex.o
 .text.HAL_RTC_Init
                0x0000000008009128       0xf6 ./Drivers/STM32L4xx_HAL_Driver/Src/stm32l4xx_hal_rtc.o
                0x0000000008009128                HAL_RTC_Init
 .text.HAL_RTC_SetTime
                0x000000000800921e      0x13a ./Drivers/STM32L4xx_HAL_Driver/Src/stm32l4xx_hal_rtc.o
                0x000000000800921e                HAL_RTC_SetTime
 .text.HAL_RTC_GetTime
                0x0000000008009358       0xb8 ./Drivers/STM32L4xx_HAL_Driver/Src/stm32l4xx_hal_rtc.o
                0x0000000008009358                HAL_RTC_GetTime
 .text.HAL_RTC_SetDate
                0x0000000008009410      0x10e ./Drivers/STM32L4xx_HAL_Driver/Src/stm32l4xx_hal_rtc.o
                0x0000000008009410                HAL_RTC_SetDate
 .text.HAL_RTC_GetDate
                0x000000000800951e       0x9a ./Drivers/STM32L4xx_HAL_Driver/Src/stm32l4xx_hal_rtc.o
                0x000000000800951e                HAL_RTC_GetDate
 .text.HAL_RTC_WaitForSynchro
                0x00000000080095b8       0x4c ./Drivers/STM32L4xx_HAL_Driver/Src/stm32l4xx_hal_rtc.o
                0x00000000080095b8                HAL_RTC_WaitForSynchro
 .text.RTC_EnterInitMode
                0x0000000008009604       0x66 ./Drivers/STM32L4xx_HAL_Driver/Src/stm32l4xx_hal_rtc.o
                0x0000000008009604                RTC_EnterInitMode
 *fill*         0x000000000800966a        0x2 
 .text.RTC_ExitInitMode
                0x000000000800966c       0x7c ./Drivers/STM32L4xx_HAL_Driver/Src/stm32l4xx_hal_rtc.o
                0x000000000800966c                RTC_ExitInitMode
 .text.RTC_ByteToBcd2
                0x00000000080096e8       0x40 ./Drivers/STM32L4xx_HAL_Driver/Src/stm32l4xx_hal_rtc.o
                0x00000000080096e8                RTC_ByteToBcd2
 .text.RTC_Bcd2ToByte
                0x0000000008009728       0x34 ./Drivers/STM32L4xx_HAL_Driver/Src/stm32l4xx_hal_rtc.o
                0x0000000008009728                RTC_Bcd2ToByte
 .text.HAL_SPI_Init
                0x000000000800975c      0x146 ./Drivers/STM32L4xx_HAL_Driver/Src/stm32l4xx_hal_spi.o
                0x000000000800975c                HAL_SPI_Init
 .text.HAL_SPI_Transmit
                0x00000000080098a2      0x2dc ./Drivers/STM32L4xx_HAL_Driver/Src/stm32l4xx_hal_spi.o
                0x00000000080098a2                HAL_SPI_Transmit
 *fill*         0x0000000008009b7e        0x2 
 .text.SPI_WaitFlagStateUntilTimeout
                0x0000000008009b80      0x110 ./Drivers/STM32L4xx_HAL_Driver/Src/stm32l4xx_hal_spi.o
 .text.SPI_WaitFifoStateUntilTimeout
                0x0000000008009c90      0x12c ./Drivers/STM32L4xx_HAL_Driver/Src/stm32l4xx_hal_spi.o
 .text.SPI_EndRxTxTransaction
                0x0000000008009dbc       0x8c ./Drivers/STM32L4xx_HAL_Driver/Src/stm32l4xx_hal_spi.o
 .text.HAL_TIM_Base_Init
                0x0000000008009e48       0xae ./Drivers/STM32L4xx_HAL_Driver/Src/stm32l4xx_hal_tim.o
                0x0000000008009e48                HAL_TIM_Base_Init
 *fill*         0x0000000008009ef6        0x2 
 .text.HAL_TIM_Base_Start
                0x0000000008009ef8       0xd0 ./Drivers/STM32L4xx_HAL_Driver/Src/stm32l4xx_hal_tim.o
                0x0000000008009ef8                HAL_TIM_Base_Start
 .text.HAL_TIM_PWM_Init
                0x0000000008009fc8       0xae ./Drivers/STM32L4xx_HAL_Driver/Src/stm32l4xx_hal_tim.o
                0x0000000008009fc8                HAL_TIM_PWM_Init
 .text.HAL_TIM_PWM_MspInit
                0x000000000800a076       0x14 ./Drivers/STM32L4xx_HAL_Driver/Src/stm32l4xx_hal_tim.o
                0x000000000800a076                HAL_TIM_PWM_MspInit
 *fill*         0x000000000800a08a        0x2 
 .text.HAL_TIM_PWM_Start
                0x000000000800a08c      0x20c ./Drivers/STM32L4xx_HAL_Driver/Src/stm32l4xx_hal_tim.o
                0x000000000800a08c                HAL_TIM_PWM_Start
 .text.HAL_TIM_IC_Init
                0x000000000800a298       0xae ./Drivers/STM32L4xx_HAL_Driver/Src/stm32l4xx_hal_tim.o
                0x000000000800a298                HAL_TIM_IC_Init
 .text.HAL_TIM_IC_MspInit
                0x000000000800a346       0x14 ./Drivers/STM32L4xx_HAL_Driver/Src/stm32l4xx_hal_tim.o
                0x000000000800a346                HAL_TIM_IC_MspInit
 *fill*         0x000000000800a35a        0x2 
 .text.HAL_TIM_IC_Start_IT
                0x000000000800a35c      0x294 ./Drivers/STM32L4xx_HAL_Driver/Src/stm32l4xx_hal_tim.o
                0x000000000800a35c                HAL_TIM_IC_Start_IT
 .text.HAL_TIM_IRQHandler
                0x000000000800a5f0      0x23e ./Drivers/STM32L4xx_HAL_Driver/Src/stm32l4xx_hal_tim.o
                0x000000000800a5f0                HAL_TIM_IRQHandler
 .text.HAL_TIM_IC_ConfigChannel
                0x000000000800a82e      0x138 ./Drivers/STM32L4xx_HAL_Driver/Src/stm32l4xx_hal_tim.o
                0x000000000800a82e                HAL_TIM_IC_ConfigChannel
 *fill*         0x000000000800a966        0x2 
 .text.HAL_TIM_PWM_ConfigChannel
                0x000000000800a968      0x228 ./Drivers/STM32L4xx_HAL_Driver/Src/stm32l4xx_hal_tim.o
                0x000000000800a968                HAL_TIM_PWM_ConfigChannel
 .text.HAL_TIM_ConfigClockSource
                0x000000000800ab90      0x192 ./Drivers/STM32L4xx_HAL_Driver/Src/stm32l4xx_hal_tim.o
                0x000000000800ab90                HAL_TIM_ConfigClockSource
 .text.HAL_TIM_SlaveConfigSynchro
                0x000000000800ad22       0x84 ./Drivers/STM32L4xx_HAL_Driver/Src/stm32l4xx_hal_tim.o
                0x000000000800ad22                HAL_TIM_SlaveConfigSynchro
 *fill*         0x000000000800ada6        0x2 
 .text.HAL_TIM_ReadCapturedValue
                0x000000000800ada8       0x88 ./Drivers/STM32L4xx_HAL_Driver/Src/stm32l4xx_hal_tim.o
                0x000000000800ada8                HAL_TIM_ReadCapturedValue
 .text.HAL_TIM_PeriodElapsedCallback
                0x000000000800ae30       0x14 ./Drivers/STM32L4xx_HAL_Driver/Src/stm32l4xx_hal_tim.o
                0x000000000800ae30                HAL_TIM_PeriodElapsedCallback
 .text.HAL_TIM_OC_DelayElapsedCallback
                0x000000000800ae44       0x14 ./Drivers/STM32L4xx_HAL_Driver/Src/stm32l4xx_hal_tim.o
                0x000000000800ae44                HAL_TIM_OC_DelayElapsedCallback
 .text.HAL_TIM_PWM_PulseFinishedCallback
                0x000000000800ae58       0x14 ./Drivers/STM32L4xx_HAL_Driver/Src/stm32l4xx_hal_tim.o
                0x000000000800ae58                HAL_TIM_PWM_PulseFinishedCallback
 .text.HAL_TIM_TriggerCallback
                0x000000000800ae6c       0x14 ./Drivers/STM32L4xx_HAL_Driver/Src/stm32l4xx_hal_tim.o
                0x000000000800ae6c                HAL_TIM_TriggerCallback
 .text.HAL_TIM_GetActiveChannel
                0x000000000800ae80       0x18 ./Drivers/STM32L4xx_HAL_Driver/Src/stm32l4xx_hal_tim.o
                0x000000000800ae80                HAL_TIM_GetActiveChannel
 .text.TIM_Base_SetConfig
                0x000000000800ae98      0x134 ./Drivers/STM32L4xx_HAL_Driver/Src/stm32l4xx_hal_tim.o
                0x000000000800ae98                TIM_Base_SetConfig
 .text.TIM_OC1_SetConfig
                0x000000000800afcc      0x120 ./Drivers/STM32L4xx_HAL_Driver/Src/stm32l4xx_hal_tim.o
 .text.TIM_OC2_SetConfig
                0x000000000800b0ec      0x114 ./Drivers/STM32L4xx_HAL_Driver/Src/stm32l4xx_hal_tim.o
                0x000000000800b0ec                TIM_OC2_SetConfig
 .text.TIM_OC3_SetConfig
                0x000000000800b200      0x110 ./Drivers/STM32L4xx_HAL_Driver/Src/stm32l4xx_hal_tim.o
 .text.TIM_OC4_SetConfig
                0x000000000800b310       0xd4 ./Drivers/STM32L4xx_HAL_Driver/Src/stm32l4xx_hal_tim.o
 .text.TIM_OC5_SetConfig
                0x000000000800b3e4       0xc8 ./Drivers/STM32L4xx_HAL_Driver/Src/stm32l4xx_hal_tim.o
 .text.TIM_OC6_SetConfig
                0x000000000800b4ac       0xcc ./Drivers/STM32L4xx_HAL_Driver/Src/stm32l4xx_hal_tim.o
 .text.TIM_SlaveTimer_SetConfig
                0x000000000800b578      0x126 ./Drivers/STM32L4xx_HAL_Driver/Src/stm32l4xx_hal_tim.o
 *fill*         0x000000000800b69e        0x2 
 .text.TIM_TI1_SetConfig
                0x000000000800b6a0       0xdc ./Drivers/STM32L4xx_HAL_Driver/Src/stm32l4xx_hal_tim.o
                0x000000000800b6a0                TIM_TI1_SetConfig
 .text.TIM_TI1_ConfigInputStage
                0x000000000800b77c       0x5e ./Drivers/STM32L4xx_HAL_Driver/Src/stm32l4xx_hal_tim.o
 .text.TIM_TI2_SetConfig
                0x000000000800b7da       0x7a ./Drivers/STM32L4xx_HAL_Driver/Src/stm32l4xx_hal_tim.o
 .text.TIM_TI2_ConfigInputStage
                0x000000000800b854       0x60 ./Drivers/STM32L4xx_HAL_Driver/Src/stm32l4xx_hal_tim.o
 .text.TIM_TI3_SetConfig
                0x000000000800b8b4       0x78 ./Drivers/STM32L4xx_HAL_Driver/Src/stm32l4xx_hal_tim.o
 .text.TIM_TI4_SetConfig
                0x000000000800b92c       0x7a ./Drivers/STM32L4xx_HAL_Driver/Src/stm32l4xx_hal_tim.o
 .text.TIM_ITRx_SetConfig
                0x000000000800b9a6       0x36 ./Drivers/STM32L4xx_HAL_Driver/Src/stm32l4xx_hal_tim.o
 .text.TIM_ETR_SetConfig
                0x000000000800b9dc       0x40 ./Drivers/STM32L4xx_HAL_Driver/Src/stm32l4xx_hal_tim.o
                0x000000000800b9dc                TIM_ETR_SetConfig
 .text.TIM_CCxChannelCmd
                0x000000000800ba1c       0x4a ./Drivers/STM32L4xx_HAL_Driver/Src/stm32l4xx_hal_tim.o
                0x000000000800ba1c                TIM_CCxChannelCmd
 *fill*         0x000000000800ba66        0x2 
 .text.HAL_TIMEx_MasterConfigSynchronization
                0x000000000800ba68      0x110 ./Drivers/STM32L4xx_HAL_Driver/Src/stm32l4xx_hal_tim_ex.o
                0x000000000800ba68                HAL_TIMEx_MasterConfigSynchronization
 .text.HAL_TIMEx_ConfigBreakDeadTime
                0x000000000800bb78       0xfc ./Drivers/STM32L4xx_HAL_Driver/Src/stm32l4xx_hal_tim_ex.o
                0x000000000800bb78                HAL_TIMEx_ConfigBreakDeadTime
 .text.HAL_TIMEx_CommutCallback
                0x000000000800bc74       0x14 ./Drivers/STM32L4xx_HAL_Driver/Src/stm32l4xx_hal_tim_ex.o
                0x000000000800bc74                HAL_TIMEx_CommutCallback
 .text.HAL_TIMEx_BreakCallback
                0x000000000800bc88       0x14 ./Drivers/STM32L4xx_HAL_Driver/Src/stm32l4xx_hal_tim_ex.o
                0x000000000800bc88                HAL_TIMEx_BreakCallback
 .text.HAL_TIMEx_Break2Callback
                0x000000000800bc9c       0x14 ./Drivers/STM32L4xx_HAL_Driver/Src/stm32l4xx_hal_tim_ex.o
                0x000000000800bc9c                HAL_TIMEx_Break2Callback
 .text.HAL_UART_Init
                0x000000000800bcb0       0x9c ./Drivers/STM32L4xx_HAL_Driver/Src/stm32l4xx_hal_uart.o
                0x000000000800bcb0                HAL_UART_Init
 .text.HAL_UART_Transmit
                0x000000000800bd4c      0x128 ./Drivers/STM32L4xx_HAL_Driver/Src/stm32l4xx_hal_uart.o
                0x000000000800bd4c                HAL_UART_Transmit
 .text.HAL_UART_Receive
                0x000000000800be74      0x1a2 ./Drivers/STM32L4xx_HAL_Driver/Src/stm32l4xx_hal_uart.o
                0x000000000800be74                HAL_UART_Receive
 *fill*         0x000000000800c016        0x2 
 .text.HAL_UART_IRQHandler
                0x000000000800c018      0x5c4 ./Drivers/STM32L4xx_HAL_Driver/Src/stm32l4xx_hal_uart.o
                0x000000000800c018                HAL_UART_IRQHandler
 .text.HAL_UART_TxCpltCallback
                0x000000000800c5dc       0x14 ./Drivers/STM32L4xx_HAL_Driver/Src/stm32l4xx_hal_uart.o
                0x000000000800c5dc                HAL_UART_TxCpltCallback
 .text.HAL_UART_ErrorCallback
                0x000000000800c5f0       0x14 ./Drivers/STM32L4xx_HAL_Driver/Src/stm32l4xx_hal_uart.o
                0x000000000800c5f0                HAL_UART_ErrorCallback
 .text.HAL_UARTEx_RxEventCallback
                0x000000000800c604       0x18 ./Drivers/STM32L4xx_HAL_Driver/Src/stm32l4xx_hal_uart.o
                0x000000000800c604                HAL_UARTEx_RxEventCallback
 .text.UART_SetConfig
                0x000000000800c61c      0x570 ./Drivers/STM32L4xx_HAL_Driver/Src/stm32l4xx_hal_uart.o
                0x000000000800c61c                UART_SetConfig
 .text.UART_AdvFeatureConfig
                0x000000000800cb8c      0x144 ./Drivers/STM32L4xx_HAL_Driver/Src/stm32l4xx_hal_uart.o
                0x000000000800cb8c                UART_AdvFeatureConfig
 .text.UART_CheckIdleState
                0x000000000800ccd0       0x92 ./Drivers/STM32L4xx_HAL_Driver/Src/stm32l4xx_hal_uart.o
                0x000000000800ccd0                UART_CheckIdleState
 .text.UART_WaitOnFlagUntilTimeout
                0x000000000800cd62      0x188 ./Drivers/STM32L4xx_HAL_Driver/Src/stm32l4xx_hal_uart.o
                0x000000000800cd62                UART_WaitOnFlagUntilTimeout
 .text.UART_EndRxTransfer
                0x000000000800ceea       0xc6 ./Drivers/STM32L4xx_HAL_Driver/Src/stm32l4xx_hal_uart.o
 .text.UART_DMAAbortOnError
                0x000000000800cfb0       0x2c ./Drivers/STM32L4xx_HAL_Driver/Src/stm32l4xx_hal_uart.o
 .text.UART_EndTransmit_IT
                0x000000000800cfdc       0x54 ./Drivers/STM32L4xx_HAL_Driver/Src/stm32l4xx_hal_uart.o
 .text.HAL_UARTEx_WakeupCallback
                0x000000000800d030       0x14 ./Drivers/STM32L4xx_HAL_Driver/Src/stm32l4xx_hal_uart_ex.o
                0x000000000800d030                HAL_UARTEx_WakeupCallback
 .text.bitmap_init
                0x000000000800d044       0x48 ./hagl/src/bitmap.o
                0x000000000800d044                bitmap_init
 .text.fontx_meta
                0x000000000800d08c       0x3a ./hagl/src/fontx.o
                0x000000000800d08c                fontx_meta
 .text.fontx_glyph
                0x000000000800d0c6      0x124 ./hagl/src/fontx.o
                0x000000000800d0c6                fontx_glyph
 *fill*         0x000000000800d1ea        0x2 
 .text.hagl_put_pixel
                0x000000000800d1ec       0x64 ./hagl/src/hagl.o
                0x000000000800d1ec                hagl_put_pixel
 .text.hagl_put_char
                0x000000000800d250      0x1fc ./hagl/src/hagl.o
                0x000000000800d250                hagl_put_char
 .text.hagl_put_text
                0x000000000800d44c       0x9e ./hagl/src/hagl.o
                0x000000000800d44c                hagl_put_text
 .text.hagl_blit
                0x000000000800d4ea       0x72 ./hagl/src/hagl.o
                0x000000000800d4ea                hagl_blit
 .text.atoi     0x000000000800d55c        0x8 c:/users/01158719/st/stm32cubeide_1.10.1/stm32cubeide/plugins/com.st.stm32cube.ide.mcu.externaltools.gnu-tools-for-stm32.10.3-2021.10.win32_1.0.0.202111181127/tools/bin/../lib/gcc/arm-none-eabi/10.3.1/../../../../arm-none-eabi/lib/thumb/v7e-m+fp/hard\libc_nano.a(lib_a-atoi.o)
                0x000000000800d55c                atoi
 .text.__errno  0x000000000800d564        0xc c:/users/01158719/st/stm32cubeide_1.10.1/stm32cubeide/plugins/com.st.stm32cube.ide.mcu.externaltools.gnu-tools-for-stm32.10.3-2021.10.win32_1.0.0.202111181127/tools/bin/../lib/gcc/arm-none-eabi/10.3.1/../../../../arm-none-eabi/lib/thumb/v7e-m+fp/hard\libc_nano.a(lib_a-errno.o)
                0x000000000800d564                __errno
 .text.__sflush_r
                0x000000000800d570      0x10c c:/users/01158719/st/stm32cubeide_1.10.1/stm32cubeide/plugins/com.st.stm32cube.ide.mcu.externaltools.gnu-tools-for-stm32.10.3-2021.10.win32_1.0.0.202111181127/tools/bin/../lib/gcc/arm-none-eabi/10.3.1/../../../../arm-none-eabi/lib/thumb/v7e-m+fp/hard\libc_nano.a(lib_a-fflush.o)
                0x000000000800d570                __sflush_r
 .text._fflush_r
                0x000000000800d67c       0x78 c:/users/01158719/st/stm32cubeide_1.10.1/stm32cubeide/plugins/com.st.stm32cube.ide.mcu.externaltools.gnu-tools-for-stm32.10.3-2021.10.win32_1.0.0.202111181127/tools/bin/../lib/gcc/arm-none-eabi/10.3.1/../../../../arm-none-eabi/lib/thumb/v7e-m+fp/hard\libc_nano.a(lib_a-fflush.o)
                0x000000000800d67c                _fflush_r
 .text.std      0x000000000800d6f4       0x48 c:/users/01158719/st/stm32cubeide_1.10.1/stm32cubeide/plugins/com.st.stm32cube.ide.mcu.externaltools.gnu-tools-for-stm32.10.3-2021.10.win32_1.0.0.202111181127/tools/bin/../lib/gcc/arm-none-eabi/10.3.1/../../../../arm-none-eabi/lib/thumb/v7e-m+fp/hard\libc_nano.a(lib_a-findfp.o)
 .text._cleanup_r
                0x000000000800d73c        0xc c:/users/01158719/st/stm32cubeide_1.10.1/stm32cubeide/plugins/com.st.stm32cube.ide.mcu.externaltools.gnu-tools-for-stm32.10.3-2021.10.win32_1.0.0.202111181127/tools/bin/../lib/gcc/arm-none-eabi/10.3.1/../../../../arm-none-eabi/lib/thumb/v7e-m+fp/hard\libc_nano.a(lib_a-findfp.o)
                0x000000000800d73c                _cleanup_r
 .text.__sfmoreglue
                0x000000000800d748       0x2c c:/users/01158719/st/stm32cubeide_1.10.1/stm32cubeide/plugins/com.st.stm32cube.ide.mcu.externaltools.gnu-tools-for-stm32.10.3-2021.10.win32_1.0.0.202111181127/tools/bin/../lib/gcc/arm-none-eabi/10.3.1/../../../../arm-none-eabi/lib/thumb/v7e-m+fp/hard\libc_nano.a(lib_a-findfp.o)
                0x000000000800d748                __sfmoreglue
 .text.__sfp_lock_acquire
                0x000000000800d774        0xc c:/users/01158719/st/stm32cubeide_1.10.1/stm32cubeide/plugins/com.st.stm32cube.ide.mcu.externaltools.gnu-tools-for-stm32.10.3-2021.10.win32_1.0.0.202111181127/tools/bin/../lib/gcc/arm-none-eabi/10.3.1/../../../../arm-none-eabi/lib/thumb/v7e-m+fp/hard\libc_nano.a(lib_a-findfp.o)
                0x000000000800d774                __sfp_lock_acquire
 .text.__sfp_lock_release
                0x000000000800d780        0xc c:/users/01158719/st/stm32cubeide_1.10.1/stm32cubeide/plugins/com.st.stm32cube.ide.mcu.externaltools.gnu-tools-for-stm32.10.3-2021.10.win32_1.0.0.202111181127/tools/bin/../lib/gcc/arm-none-eabi/10.3.1/../../../../arm-none-eabi/lib/thumb/v7e-m+fp/hard\libc_nano.a(lib_a-findfp.o)
                0x000000000800d780                __sfp_lock_release
 .text.__sinit_lock_acquire
                0x000000000800d78c        0xc c:/users/01158719/st/stm32cubeide_1.10.1/stm32cubeide/plugins/com.st.stm32cube.ide.mcu.externaltools.gnu-tools-for-stm32.10.3-2021.10.win32_1.0.0.202111181127/tools/bin/../lib/gcc/arm-none-eabi/10.3.1/../../../../arm-none-eabi/lib/thumb/v7e-m+fp/hard\libc_nano.a(lib_a-findfp.o)
                0x000000000800d78c                __sinit_lock_acquire
 .text.__sinit_lock_release
                0x000000000800d798        0xc c:/users/01158719/st/stm32cubeide_1.10.1/stm32cubeide/plugins/com.st.stm32cube.ide.mcu.externaltools.gnu-tools-for-stm32.10.3-2021.10.win32_1.0.0.202111181127/tools/bin/../lib/gcc/arm-none-eabi/10.3.1/../../../../arm-none-eabi/lib/thumb/v7e-m+fp/hard\libc_nano.a(lib_a-findfp.o)
                0x000000000800d798                __sinit_lock_release
 .text.__sinit  0x000000000800d7a4       0x70 c:/users/01158719/st/stm32cubeide_1.10.1/stm32cubeide/plugins/com.st.stm32cube.ide.mcu.externaltools.gnu-tools-for-stm32.10.3-2021.10.win32_1.0.0.202111181127/tools/bin/../lib/gcc/arm-none-eabi/10.3.1/../../../../arm-none-eabi/lib/thumb/v7e-m+fp/hard\libc_nano.a(lib_a-findfp.o)
                0x000000000800d7a4                __sinit
 .text.__sfp    0x000000000800d814       0x8c c:/users/01158719/st/stm32cubeide_1.10.1/stm32cubeide/plugins/com.st.stm32cube.ide.mcu.externaltools.gnu-tools-for-stm32.10.3-2021.10.win32_1.0.0.202111181127/tools/bin/../lib/gcc/arm-none-eabi/10.3.1/../../../../arm-none-eabi/lib/thumb/v7e-m+fp/hard\libc_nano.a(lib_a-findfp.o)
                0x000000000800d814                __sfp
 .text._fwalk_reent
                0x000000000800d8a0       0x3e c:/users/01158719/st/stm32cubeide_1.10.1/stm32cubeide/plugins/com.st.stm32cube.ide.mcu.externaltools.gnu-tools-for-stm32.10.3-2021.10.win32_1.0.0.202111181127/tools/bin/../lib/gcc/arm-none-eabi/10.3.1/../../../../arm-none-eabi/lib/thumb/v7e-m+fp/hard\libc_nano.a(lib_a-fwalk.o)
                0x000000000800d8a0                _fwalk_reent
 *fill*         0x000000000800d8de        0x2 
 .text.__libc_init_array
                0x000000000800d8e0       0x48 c:/users/01158719/st/stm32cubeide_1.10.1/stm32cubeide/plugins/com.st.stm32cube.ide.mcu.externaltools.gnu-tools-for-stm32.10.3-2021.10.win32_1.0.0.202111181127/tools/bin/../lib/gcc/arm-none-eabi/10.3.1/../../../../arm-none-eabi/lib/thumb/v7e-m+fp/hard\libc_nano.a(lib_a-init.o)
                0x000000000800d8e0                __libc_init_array
 .text.__retarget_lock_init_recursive
                0x000000000800d928        0x2 c:/users/01158719/st/stm32cubeide_1.10.1/stm32cubeide/plugins/com.st.stm32cube.ide.mcu.externaltools.gnu-tools-for-stm32.10.3-2021.10.win32_1.0.0.202111181127/tools/bin/../lib/gcc/arm-none-eabi/10.3.1/../../../../arm-none-eabi/lib/thumb/v7e-m+fp/hard\libc_nano.a(lib_a-lock.o)
                0x000000000800d928                __retarget_lock_init_recursive
 .text.__retarget_lock_acquire_recursive
                0x000000000800d92a        0x2 c:/users/01158719/st/stm32cubeide_1.10.1/stm32cubeide/plugins/com.st.stm32cube.ide.mcu.externaltools.gnu-tools-for-stm32.10.3-2021.10.win32_1.0.0.202111181127/tools/bin/../lib/gcc/arm-none-eabi/10.3.1/../../../../arm-none-eabi/lib/thumb/v7e-m+fp/hard\libc_nano.a(lib_a-lock.o)
                0x000000000800d92a                __retarget_lock_acquire_recursive
 .text.__retarget_lock_release_recursive
                0x000000000800d92c        0x2 c:/users/01158719/st/stm32cubeide_1.10.1/stm32cubeide/plugins/com.st.stm32cube.ide.mcu.externaltools.gnu-tools-for-stm32.10.3-2021.10.win32_1.0.0.202111181127/tools/bin/../lib/gcc/arm-none-eabi/10.3.1/../../../../arm-none-eabi/lib/thumb/v7e-m+fp/hard\libc_nano.a(lib_a-lock.o)
                0x000000000800d92c                __retarget_lock_release_recursive
 .text.__swhatbuf_r
                0x000000000800d92e       0x4a c:/users/01158719/st/stm32cubeide_1.10.1/stm32cubeide/plugins/com.st.stm32cube.ide.mcu.externaltools.gnu-tools-for-stm32.10.3-2021.10.win32_1.0.0.202111181127/tools/bin/../lib/gcc/arm-none-eabi/10.3.1/../../../../arm-none-eabi/lib/thumb/v7e-m+fp/hard\libc_nano.a(lib_a-makebuf.o)
                0x000000000800d92e                __swhatbuf_r
 .text.__smakebuf_r
                0x000000000800d978       0x80 c:/users/01158719/st/stm32cubeide_1.10.1/stm32cubeide/plugins/com.st.stm32cube.ide.mcu.externaltools.gnu-tools-for-stm32.10.3-2021.10.win32_1.0.0.202111181127/tools/bin/../lib/gcc/arm-none-eabi/10.3.1/../../../../arm-none-eabi/lib/thumb/v7e-m+fp/hard\libc_nano.a(lib_a-makebuf.o)
                0x000000000800d978                __smakebuf_r
 .text.memcpy   0x000000000800d9f8       0x1c c:/users/01158719/st/stm32cubeide_1.10.1/stm32cubeide/plugins/com.st.stm32cube.ide.mcu.externaltools.gnu-tools-for-stm32.10.3-2021.10.win32_1.0.0.202111181127/tools/bin/../lib/gcc/arm-none-eabi/10.3.1/../../../../arm-none-eabi/lib/thumb/v7e-m+fp/hard\libc_nano.a(lib_a-memcpy-stub.o)
                0x000000000800d9f8                memcpy
 .text.memset   0x000000000800da14       0x10 c:/users/01158719/st/stm32cubeide_1.10.1/stm32cubeide/plugins/com.st.stm32cube.ide.mcu.externaltools.gnu-tools-for-stm32.10.3-2021.10.win32_1.0.0.202111181127/tools/bin/../lib/gcc/arm-none-eabi/10.3.1/../../../../arm-none-eabi/lib/thumb/v7e-m+fp/hard\libc_nano.a(lib_a-memset.o)
                0x000000000800da14                memset
 .text._free_r  0x000000000800da24       0x98 c:/users/01158719/st/stm32cubeide_1.10.1/stm32cubeide/plugins/com.st.stm32cube.ide.mcu.externaltools.gnu-tools-for-stm32.10.3-2021.10.win32_1.0.0.202111181127/tools/bin/../lib/gcc/arm-none-eabi/10.3.1/../../../../arm-none-eabi/lib/thumb/v7e-m+fp/hard\libc_nano.a(lib_a-nano-freer.o)
                0x000000000800da24                _free_r
 .text.sbrk_aligned
                0x000000000800dabc       0x40 c:/users/01158719/st/stm32cubeide_1.10.1/stm32cubeide/plugins/com.st.stm32cube.ide.mcu.externaltools.gnu-tools-for-stm32.10.3-2021.10.win32_1.0.0.202111181127/tools/bin/../lib/gcc/arm-none-eabi/10.3.1/../../../../arm-none-eabi/lib/thumb/v7e-m+fp/hard\libc_nano.a(lib_a-nano-mallocr.o)
 .text._malloc_r
                0x000000000800dafc       0xe8 c:/users/01158719/st/stm32cubeide_1.10.1/stm32cubeide/plugins/com.st.stm32cube.ide.mcu.externaltools.gnu-tools-for-stm32.10.3-2021.10.win32_1.0.0.202111181127/tools/bin/../lib/gcc/arm-none-eabi/10.3.1/../../../../arm-none-eabi/lib/thumb/v7e-m+fp/hard\libc_nano.a(lib_a-nano-mallocr.o)
                0x000000000800dafc                _malloc_r
 .text.__cvt    0x000000000800dbe4       0xc4 c:/users/01158719/st/stm32cubeide_1.10.1/stm32cubeide/plugins/com.st.stm32cube.ide.mcu.externaltools.gnu-tools-for-stm32.10.3-2021.10.win32_1.0.0.202111181127/tools/bin/../lib/gcc/arm-none-eabi/10.3.1/../../../../arm-none-eabi/lib/thumb/v7e-m+fp/hard\libc_nano.a(lib_a-nano-vfprintf_float.o)
                0x000000000800dbe4                __cvt
 .text.__exponent
                0x000000000800dca8       0x7c c:/users/01158719/st/stm32cubeide_1.10.1/stm32cubeide/plugins/com.st.stm32cube.ide.mcu.externaltools.gnu-tools-for-stm32.10.3-2021.10.win32_1.0.0.202111181127/tools/bin/../lib/gcc/arm-none-eabi/10.3.1/../../../../arm-none-eabi/lib/thumb/v7e-m+fp/hard\libc_nano.a(lib_a-nano-vfprintf_float.o)
                0x000000000800dca8                __exponent
 .text._printf_float
                0x000000000800dd24      0x46c c:/users/01158719/st/stm32cubeide_1.10.1/stm32cubeide/plugins/com.st.stm32cube.ide.mcu.externaltools.gnu-tools-for-stm32.10.3-2021.10.win32_1.0.0.202111181127/tools/bin/../lib/gcc/arm-none-eabi/10.3.1/../../../../arm-none-eabi/lib/thumb/v7e-m+fp/hard\libc_nano.a(lib_a-nano-vfprintf_float.o)
                0x000000000800dd24                _printf_float
 .text._printf_common
                0x000000000800e190       0xda c:/users/01158719/st/stm32cubeide_1.10.1/stm32cubeide/plugins/com.st.stm32cube.ide.mcu.externaltools.gnu-tools-for-stm32.10.3-2021.10.win32_1.0.0.202111181127/tools/bin/../lib/gcc/arm-none-eabi/10.3.1/../../../../arm-none-eabi/lib/thumb/v7e-m+fp/hard\libc_nano.a(lib_a-nano-vfprintf_i.o)
                0x000000000800e190                _printf_common
 *fill*         0x000000000800e26a        0x2 
 .text._printf_i
                0x000000000800e26c      0x24c c:/users/01158719/st/stm32cubeide_1.10.1/stm32cubeide/plugins/com.st.stm32cube.ide.mcu.externaltools.gnu-tools-for-stm32.10.3-2021.10.win32_1.0.0.202111181127/tools/bin/../lib/gcc/arm-none-eabi/10.3.1/../../../../arm-none-eabi/lib/thumb/v7e-m+fp/hard\libc_nano.a(lib_a-nano-vfprintf_i.o)
                0x000000000800e26c                _printf_i
 .text._scanf_float
                0x000000000800e4b8      0x420 c:/users/01158719/st/stm32cubeide_1.10.1/stm32cubeide/plugins/com.st.stm32cube.ide.mcu.externaltools.gnu-tools-for-stm32.10.3-2021.10.win32_1.0.0.202111181127/tools/bin/../lib/gcc/arm-none-eabi/10.3.1/../../../../arm-none-eabi/lib/thumb/v7e-m+fp/hard\libc_nano.a(lib_a-nano-vfscanf_float.o)
                0x000000000800e4b8                _scanf_float
 .text.printf   0x000000000800e8d8       0x30 c:/users/01158719/st/stm32cubeide_1.10.1/stm32cubeide/plugins/com.st.stm32cube.ide.mcu.externaltools.gnu-tools-for-stm32.10.3-2021.10.win32_1.0.0.202111181127/tools/bin/../lib/gcc/arm-none-eabi/10.3.1/../../../../arm-none-eabi/lib/thumb/v7e-m+fp/hard\libc_nano.a(lib_a-printf.o)
                0x000000000800e8d8                iprintf
                0x000000000800e8d8                printf
 .text.putchar  0x000000000800e908       0x2c c:/users/01158719/st/stm32cubeide_1.10.1/stm32cubeide/plugins/com.st.stm32cube.ide.mcu.externaltools.gnu-tools-for-stm32.10.3-2021.10.win32_1.0.0.202111181127/tools/bin/../lib/gcc/arm-none-eabi/10.3.1/../../../../arm-none-eabi/lib/thumb/v7e-m+fp/hard\libc_nano.a(lib_a-putchar.o)
                0x000000000800e908                putchar
 .text._puts_r  0x000000000800e934       0xdc c:/users/01158719/st/stm32cubeide_1.10.1/stm32cubeide/plugins/com.st.stm32cube.ide.mcu.externaltools.gnu-tools-for-stm32.10.3-2021.10.win32_1.0.0.202111181127/tools/bin/../lib/gcc/arm-none-eabi/10.3.1/../../../../arm-none-eabi/lib/thumb/v7e-m+fp/hard\libc_nano.a(lib_a-puts.o)
                0x000000000800e934                _puts_r
 .text.puts     0x000000000800ea10       0x10 c:/users/01158719/st/stm32cubeide_1.10.1/stm32cubeide/plugins/com.st.stm32cube.ide.mcu.externaltools.gnu-tools-for-stm32.10.3-2021.10.win32_1.0.0.202111181127/tools/bin/../lib/gcc/arm-none-eabi/10.3.1/../../../../arm-none-eabi/lib/thumb/v7e-m+fp/hard\libc_nano.a(lib_a-puts.o)
                0x000000000800ea10                puts
 .text._sbrk_r  0x000000000800ea20       0x20 c:/users/01158719/st/stm32cubeide_1.10.1/stm32cubeide/plugins/com.st.stm32cube.ide.mcu.externaltools.gnu-tools-for-stm32.10.3-2021.10.win32_1.0.0.202111181127/tools/bin/../lib/gcc/arm-none-eabi/10.3.1/../../../../arm-none-eabi/lib/thumb/v7e-m+fp/hard\libc_nano.a(lib_a-sbrkr.o)
                0x000000000800ea20                _sbrk_r
 .text.nanf     0x000000000800ea40        0xc c:/users/01158719/st/stm32cubeide_1.10.1/stm32cubeide/plugins/com.st.stm32cube.ide.mcu.externaltools.gnu-tools-for-stm32.10.3-2021.10.win32_1.0.0.202111181127/tools/bin/../lib/gcc/arm-none-eabi/10.3.1/../../../../arm-none-eabi/lib/thumb/v7e-m+fp/hard\libc_nano.a(lib_a-sf_nan.o)
                0x000000000800ea40                nanf
 .text.snprintf
                0x000000000800ea4c       0x68 c:/users/01158719/st/stm32cubeide_1.10.1/stm32cubeide/plugins/com.st.stm32cube.ide.mcu.externaltools.gnu-tools-for-stm32.10.3-2021.10.win32_1.0.0.202111181127/tools/bin/../lib/gcc/arm-none-eabi/10.3.1/../../../../arm-none-eabi/lib/thumb/v7e-m+fp/hard\libc_nano.a(lib_a-snprintf.o)
                0x000000000800ea4c                sniprintf
                0x000000000800ea4c                snprintf
 .text.sprintf  0x000000000800eab4       0x40 c:/users/01158719/st/stm32cubeide_1.10.1/stm32cubeide/plugins/com.st.stm32cube.ide.mcu.externaltools.gnu-tools-for-stm32.10.3-2021.10.win32_1.0.0.202111181127/tools/bin/../lib/gcc/arm-none-eabi/10.3.1/../../../../arm-none-eabi/lib/thumb/v7e-m+fp/hard\libc_nano.a(lib_a-sprintf.o)
                0x000000000800eab4                siprintf
                0x000000000800eab4                sprintf
 .text.__sread  0x000000000800eaf4       0x22 c:/users/01158719/st/stm32cubeide_1.10.1/stm32cubeide/plugins/com.st.stm32cube.ide.mcu.externaltools.gnu-tools-for-stm32.10.3-2021.10.win32_1.0.0.202111181127/tools/bin/../lib/gcc/arm-none-eabi/10.3.1/../../../../arm-none-eabi/lib/thumb/v7e-m+fp/hard\libc_nano.a(lib_a-stdio.o)
                0x000000000800eaf4                __sread
 .text.__swrite
                0x000000000800eb16       0x38 c:/users/01158719/st/stm32cubeide_1.10.1/stm32cubeide/plugins/com.st.stm32cube.ide.mcu.externaltools.gnu-tools-for-stm32.10.3-2021.10.win32_1.0.0.202111181127/tools/bin/../lib/gcc/arm-none-eabi/10.3.1/../../../../arm-none-eabi/lib/thumb/v7e-m+fp/hard\libc_nano.a(lib_a-stdio.o)
                0x000000000800eb16                __swrite
 .text.__sseek  0x000000000800eb4e       0x24 c:/users/01158719/st/stm32cubeide_1.10.1/stm32cubeide/plugins/com.st.stm32cube.ide.mcu.externaltools.gnu-tools-for-stm32.10.3-2021.10.win32_1.0.0.202111181127/tools/bin/../lib/gcc/arm-none-eabi/10.3.1/../../../../arm-none-eabi/lib/thumb/v7e-m+fp/hard\libc_nano.a(lib_a-stdio.o)
                0x000000000800eb4e                __sseek
 .text.__sclose
                0x000000000800eb72        0x8 c:/users/01158719/st/stm32cubeide_1.10.1/stm32cubeide/plugins/com.st.stm32cube.ide.mcu.externaltools.gnu-tools-for-stm32.10.3-2021.10.win32_1.0.0.202111181127/tools/bin/../lib/gcc/arm-none-eabi/10.3.1/../../../../arm-none-eabi/lib/thumb/v7e-m+fp/hard\libc_nano.a(lib_a-stdio.o)
                0x000000000800eb72                __sclose
 .text.sulp     0x000000000800eb7a       0x38 c:/users/01158719/st/stm32cubeide_1.10.1/stm32cubeide/plugins/com.st.stm32cube.ide.mcu.externaltools.gnu-tools-for-stm32.10.3-2021.10.win32_1.0.0.202111181127/tools/bin/../lib/gcc/arm-none-eabi/10.3.1/../../../../arm-none-eabi/lib/thumb/v7e-m+fp/hard\libc_nano.a(lib_a-strtod.o)
 *fill*         0x000000000800ebb2        0x6 
 .text._strtod_l
                0x000000000800ebb8      0xc0c c:/users/01158719/st/stm32cubeide_1.10.1/stm32cubeide/plugins/com.st.stm32cube.ide.mcu.externaltools.gnu-tools-for-stm32.10.3-2021.10.win32_1.0.0.202111181127/tools/bin/../lib/gcc/arm-none-eabi/10.3.1/../../../../arm-none-eabi/lib/thumb/v7e-m+fp/hard\libc_nano.a(lib_a-strtod.o)
                0x000000000800ebb8                _strtod_l
 .text._strtod_r
                0x000000000800f7c4        0xc c:/users/01158719/st/stm32cubeide_1.10.1/stm32cubeide/plugins/com.st.stm32cube.ide.mcu.externaltools.gnu-tools-for-stm32.10.3-2021.10.win32_1.0.0.202111181127/tools/bin/../lib/gcc/arm-none-eabi/10.3.1/../../../../arm-none-eabi/lib/thumb/v7e-m+fp/hard\libc_nano.a(lib_a-strtod.o)
                0x000000000800f7c4                _strtod_r
 .text._strtol_l.constprop.0
                0x000000000800f7d0      0x104 c:/users/01158719/st/stm32cubeide_1.10.1/stm32cubeide/plugins/com.st.stm32cube.ide.mcu.externaltools.gnu-tools-for-stm32.10.3-2021.10.win32_1.0.0.202111181127/tools/bin/../lib/gcc/arm-none-eabi/10.3.1/../../../../arm-none-eabi/lib/thumb/v7e-m+fp/hard\libc_nano.a(lib_a-strtol.o)
 .text._strtol_r
                0x000000000800f8d4        0x4 c:/users/01158719/st/stm32cubeide_1.10.1/stm32cubeide/plugins/com.st.stm32cube.ide.mcu.externaltools.gnu-tools-for-stm32.10.3-2021.10.win32_1.0.0.202111181127/tools/bin/../lib/gcc/arm-none-eabi/10.3.1/../../../../arm-none-eabi/lib/thumb/v7e-m+fp/hard\libc_nano.a(lib_a-strtol.o)
                0x000000000800f8d4                _strtol_r
 .text.strtol   0x000000000800f8d8       0x14 c:/users/01158719/st/stm32cubeide_1.10.1/stm32cubeide/plugins/com.st.stm32cube.ide.mcu.externaltools.gnu-tools-for-stm32.10.3-2021.10.win32_1.0.0.202111181127/tools/bin/../lib/gcc/arm-none-eabi/10.3.1/../../../../arm-none-eabi/lib/thumb/v7e-m+fp/hard\libc_nano.a(lib_a-strtol.o)
                0x000000000800f8d8                strtol
 .text.swprintf
                0x000000000800f8ec       0x68 c:/users/01158719/st/stm32cubeide_1.10.1/stm32cubeide/plugins/com.st.stm32cube.ide.mcu.externaltools.gnu-tools-for-stm32.10.3-2021.10.win32_1.0.0.202111181127/tools/bin/../lib/gcc/arm-none-eabi/10.3.1/../../../../arm-none-eabi/lib/thumb/v7e-m+fp/hard\libc_nano.a(lib_a-swprintf.o)
                0x000000000800f8ec                swprintf
 .text.__swbuf_r
                0x000000000800f954       0xa4 c:/users/01158719/st/stm32cubeide_1.10.1/stm32cubeide/plugins/com.st.stm32cube.ide.mcu.externaltools.gnu-tools-for-stm32.10.3-2021.10.win32_1.0.0.202111181127/tools/bin/../lib/gcc/arm-none-eabi/10.3.1/../../../../arm-none-eabi/lib/thumb/v7e-m+fp/hard\libc_nano.a(lib_a-wbuf.o)
                0x000000000800f954                __swbuf_r
 .text._write_r
                0x000000000800f9f8       0x24 c:/users/01158719/st/stm32cubeide_1.10.1/stm32cubeide/plugins/com.st.stm32cube.ide.mcu.externaltools.gnu-tools-for-stm32.10.3-2021.10.win32_1.0.0.202111181127/tools/bin/../lib/gcc/arm-none-eabi/10.3.1/../../../../arm-none-eabi/lib/thumb/v7e-m+fp/hard\libc_nano.a(lib_a-writer.o)
                0x000000000800f9f8                _write_r
 .text.__swsetup_r
                0x000000000800fa1c       0xdc c:/users/01158719/st/stm32cubeide_1.10.1/stm32cubeide/plugins/com.st.stm32cube.ide.mcu.externaltools.gnu-tools-for-stm32.10.3-2021.10.win32_1.0.0.202111181127/tools/bin/../lib/gcc/arm-none-eabi/10.3.1/../../../../arm-none-eabi/lib/thumb/v7e-m+fp/hard\libc_nano.a(lib_a-wsetup.o)
                0x000000000800fa1c                __swsetup_r
 .text._close_r
                0x000000000800faf8       0x20 c:/users/01158719/st/stm32cubeide_1.10.1/stm32cubeide/plugins/com.st.stm32cube.ide.mcu.externaltools.gnu-tools-for-stm32.10.3-2021.10.win32_1.0.0.202111181127/tools/bin/../lib/gcc/arm-none-eabi/10.3.1/../../../../arm-none-eabi/lib/thumb/v7e-m+fp/hard\libc_nano.a(lib_a-closer.o)
                0x000000000800faf8                _close_r
 .text.quorem   0x000000000800fb18      0x116 c:/users/01158719/st/stm32cubeide_1.10.1/stm32cubeide/plugins/com.st.stm32cube.ide.mcu.externaltools.gnu-tools-for-stm32.10.3-2021.10.win32_1.0.0.202111181127/tools/bin/../lib/gcc/arm-none-eabi/10.3.1/../../../../arm-none-eabi/lib/thumb/v7e-m+fp/hard\libc_nano.a(lib_a-dtoa.o)
 *fill*         0x000000000800fc2e        0x2 
 .text._dtoa_r  0x000000000800fc30      0xbdc c:/users/01158719/st/stm32cubeide_1.10.1/stm32cubeide/plugins/com.st.stm32cube.ide.mcu.externaltools.gnu-tools-for-stm32.10.3-2021.10.win32_1.0.0.202111181127/tools/bin/../lib/gcc/arm-none-eabi/10.3.1/../../../../arm-none-eabi/lib/thumb/v7e-m+fp/hard\libc_nano.a(lib_a-dtoa.o)
                0x000000000800fc30                _dtoa_r
 .text._fstat_r
                0x000000000801080c       0x24 c:/users/01158719/st/stm32cubeide_1.10.1/stm32cubeide/plugins/com.st.stm32cube.ide.mcu.externaltools.gnu-tools-for-stm32.10.3-2021.10.win32_1.0.0.202111181127/tools/bin/../lib/gcc/arm-none-eabi/10.3.1/../../../../arm-none-eabi/lib/thumb/v7e-m+fp/hard\libc_nano.a(lib_a-fstatr.o)
                0x000000000801080c                _fstat_r
 .text.rshift   0x0000000008010830       0xa4 c:/users/01158719/st/stm32cubeide_1.10.1/stm32cubeide/plugins/com.st.stm32cube.ide.mcu.externaltools.gnu-tools-for-stm32.10.3-2021.10.win32_1.0.0.202111181127/tools/bin/../lib/gcc/arm-none-eabi/10.3.1/../../../../arm-none-eabi/lib/thumb/v7e-m+fp/hard\libc_nano.a(lib_a-gdtoa-gethex.o)
 .text.__hexdig_fun
                0x00000000080108d4       0x2a c:/users/01158719/st/stm32cubeide_1.10.1/stm32cubeide/plugins/com.st.stm32cube.ide.mcu.externaltools.gnu-tools-for-stm32.10.3-2021.10.win32_1.0.0.202111181127/tools/bin/../lib/gcc/arm-none-eabi/10.3.1/../../../../arm-none-eabi/lib/thumb/v7e-m+fp/hard\libc_nano.a(lib_a-gdtoa-gethex.o)
                0x00000000080108d4                __hexdig_fun
 *fill*         0x00000000080108fe        0x2 
 .text.__gethex
                0x0000000008010900      0x48c c:/users/01158719/st/stm32cubeide_1.10.1/stm32cubeide/plugins/com.st.stm32cube.ide.mcu.externaltools.gnu-tools-for-stm32.10.3-2021.10.win32_1.0.0.202111181127/tools/bin/../lib/gcc/arm-none-eabi/10.3.1/../../../../arm-none-eabi/lib/thumb/v7e-m+fp/hard\libc_nano.a(lib_a-gdtoa-gethex.o)
                0x0000000008010900                __gethex
 .text.L_shift  0x0000000008010d8c       0x24 c:/users/01158719/st/stm32cubeide_1.10.1/stm32cubeide/plugins/com.st.stm32cube.ide.mcu.externaltools.gnu-tools-for-stm32.10.3-2021.10.win32_1.0.0.202111181127/tools/bin/../lib/gcc/arm-none-eabi/10.3.1/../../../../arm-none-eabi/lib/thumb/v7e-m+fp/hard\libc_nano.a(lib_a-gdtoa-hexnan.o)
 .text.__match  0x0000000008010db0       0x28 c:/users/01158719/st/stm32cubeide_1.10.1/stm32cubeide/plugins/com.st.stm32cube.ide.mcu.externaltools.gnu-tools-for-stm32.10.3-2021.10.win32_1.0.0.202111181127/tools/bin/../lib/gcc/arm-none-eabi/10.3.1/../../../../arm-none-eabi/lib/thumb/v7e-m+fp/hard\libc_nano.a(lib_a-gdtoa-hexnan.o)
                0x0000000008010db0                __match
 .text.__hexnan
                0x0000000008010dd8      0x138 c:/users/01158719/st/stm32cubeide_1.10.1/stm32cubeide/plugins/com.st.stm32cube.ide.mcu.externaltools.gnu-tools-for-stm32.10.3-2021.10.win32_1.0.0.202111181127/tools/bin/../lib/gcc/arm-none-eabi/10.3.1/../../../../arm-none-eabi/lib/thumb/v7e-m+fp/hard\libc_nano.a(lib_a-gdtoa-hexnan.o)
                0x0000000008010dd8                __hexnan
 .text._isatty_r
                0x0000000008010f10       0x20 c:/users/01158719/st/stm32cubeide_1.10.1/stm32cubeide/plugins/com.st.stm32cube.ide.mcu.externaltools.gnu-tools-for-stm32.10.3-2021.10.win32_1.0.0.202111181127/tools/bin/../lib/gcc/arm-none-eabi/10.3.1/../../../../arm-none-eabi/lib/thumb/v7e-m+fp/hard\libc_nano.a(lib_a-isattyr.o)
                0x0000000008010f10                _isatty_r
 .text._localeconv_r
                0x0000000008010f30        0x8 c:/users/01158719/st/stm32cubeide_1.10.1/stm32cubeide/plugins/com.st.stm32cube.ide.mcu.externaltools.gnu-tools-for-stm32.10.3-2021.10.win32_1.0.0.202111181127/tools/bin/../lib/gcc/arm-none-eabi/10.3.1/../../../../arm-none-eabi/lib/thumb/v7e-m+fp/hard\libc_nano.a(lib_a-localeconv.o)
                0x0000000008010f30                _localeconv_r
 .text._lseek_r
                0x0000000008010f38       0x24 c:/users/01158719/st/stm32cubeide_1.10.1/stm32cubeide/plugins/com.st.stm32cube.ide.mcu.externaltools.gnu-tools-for-stm32.10.3-2021.10.win32_1.0.0.202111181127/tools/bin/../lib/gcc/arm-none-eabi/10.3.1/../../../../arm-none-eabi/lib/thumb/v7e-m+fp/hard\libc_nano.a(lib_a-lseekr.o)
                0x0000000008010f38                _lseek_r